Archive member included to satisfy reference by file (symbol)

../Middlewares/ST/AI/Lib\NetworkRuntime1000_CM4_GCC.a(ai_platform.o)
                              ./X-CUBE-AI/App/network.o (ai_buffer_array_item_set_address)
../Middlewares/ST/AI/Lib\NetworkRuntime1000_CM4_GCC.a(ai_platform_interface.o)
                              ./X-CUBE-AI/App/network.o (ai_platform_get_weights_map)
../Middlewares/ST/AI/Lib\NetworkRuntime1000_CM4_GCC.a(core_common.o)
                              ../Middlewares/ST/AI/Lib\NetworkRuntime1000_CM4_GCC.a(ai_platform_interface.o) (core_init)
../Middlewares/ST/AI/Lib\NetworkRuntime1000_CM4_GCC.a(core_mem_manager.o)
                              ../Middlewares/ST/AI/Lib\NetworkRuntime1000_CM4_GCC.a(ai_platform_interface.o) (core_mem_alloc)
../Middlewares/ST/AI/Lib\NetworkRuntime1000_CM4_GCC.a(layers.o)
                              ../Middlewares/ST/AI/Lib\NetworkRuntime1000_CM4_GCC.a(ai_platform_interface.o) (ai_check_custom_types)
../Middlewares/ST/AI/Lib\NetworkRuntime1000_CM4_GCC.a(layers_conv2d_generic_float.o)
                              ./X-CUBE-AI/App/network.o (forward_conv2d_if32of32wf32_nl_pool)
../Middlewares/ST/AI/Lib\NetworkRuntime1000_CM4_GCC.a(layers_nl_generic_float.o)
                              ./X-CUBE-AI/App/network.o (forward_relu)
../Middlewares/ST/AI/Lib\NetworkRuntime1000_CM4_GCC.a(layers_conv2d_integer_scratch.o)
                              ../Middlewares/ST/AI/Lib\NetworkRuntime1000_CM4_GCC.a(layers.o) (get_conv2d_scratch_size)
../Middlewares/ST/AI/Lib\NetworkRuntime1000_CM4_GCC.a(forward_lite_conv2d_if32of32wf32.o)
                              ../Middlewares/ST/AI/Lib\NetworkRuntime1000_CM4_GCC.a(layers_conv2d_generic_float.o) (forward_lite_conv2d_if32of32wf32)
../Middlewares/ST/AI/Lib\NetworkRuntime1000_CM4_GCC.a(lite_nl_softmax_if32of32.o)
                              ../Middlewares/ST/AI/Lib\NetworkRuntime1000_CM4_GCC.a(layers_nl_generic_float.o) (forward_lite_nl_softmax_if32of32_kernel)
../Middlewares/ST/AI/Lib\NetworkRuntime1000_CM4_GCC.a(lite_nl_relu_if32of32.o)
                              ../Middlewares/ST/AI/Lib\NetworkRuntime1000_CM4_GCC.a(layers_nl_generic_float.o) (forward_lite_nl_prelu_if32of32_kernel)
../Middlewares/ST/AI/Lib\NetworkRuntime1000_CM4_GCC.a(forward_lite_pool_f32.o)
                              ./X-CUBE-AI/App/network.o (pool_func_mp_array_f32)
../Middlewares/ST/AI/Lib\NetworkRuntime1000_CM4_GCC.a(lite_dense_if32.o)
                              ../Middlewares/ST/AI/Lib\NetworkRuntime1000_CM4_GCC.a(layers_conv2d_generic_float.o) (lite_decompress_ilutof32)
../Middlewares/ST/AI/Lib\NetworkRuntime1000_CM4_GCC.a(lite_nl_generic_float.o)
                              ./X-CUBE-AI/App/network.o (forward_lite_nl_relu_if32of32)
../Middlewares/ST/AI/Lib\NetworkRuntime1000_CM4_GCC.a(st_int8_fill.o)
                              ../Middlewares/ST/AI/Lib\NetworkRuntime1000_CM4_GCC.a(ai_platform_interface.o) (st_int8_copy)
../Middlewares/ST/AI/Lib\NetworkRuntime1000_CM4_GCC.a(ai_math_helpers.o)
                              ../Middlewares/ST/AI/Lib\NetworkRuntime1000_CM4_GCC.a(layers_nl_generic_float.o) (ai_math_sqrt)
../Middlewares/ST/AI/Lib\NetworkRuntime1000_CM4_GCC.a(ai_datatypes_format.o)
                              ../Middlewares/ST/AI/Lib\NetworkRuntime1000_CM4_GCC.a(ai_platform_interface.o) (ai_array_to_buffer_fmt)
../Middlewares/ST/AI/Lib\NetworkRuntime1000_CM4_GCC.a(ai_datatypes_internal.o)
                              ../Middlewares/ST/AI/Lib\NetworkRuntime1000_CM4_GCC.a(ai_platform_interface.o) (ai_version_get)
../Middlewares/ST/AI/Lib\NetworkRuntime1000_CM4_GCC.a(ai_math_elementwise_mul_int8.o)
                              ../Middlewares/ST/AI/Lib\NetworkRuntime1000_CM4_GCC.a(ai_math_helpers.o) (ai_math_elementwise_mul_int8)
../Middlewares/ST/AI/Lib\NetworkRuntime1000_CM4_GCC.a(ai_math_elementwise_sum_int8.o)
                              ../Middlewares/ST/AI/Lib\NetworkRuntime1000_CM4_GCC.a(ai_math_helpers.o) (ai_math_elementwise_sum_int8)
../Middlewares/ST/AI/Lib\NetworkRuntime1000_CM4_GCC.a(st_align_factor.o)
                              ../Middlewares/ST/AI/Lib\NetworkRuntime1000_CM4_GCC.a(ai_math_helpers.o) (align_factor)
C:/ST/STM32CubeIDE_1.18.0/STM32CubeIDE/plugins/com.st.stm32cube.ide.mcu.externaltools.gnu-tools-for-stm32.13.3.rel1.win32_1.0.0.202411081344/tools/bin/../lib/gcc/arm-none-eabi/13.3.1/../../../../arm-none-eabi/lib/thumb/v7e-m+fp/hard\libc_nano.a(libc_a-exit.o)
                              C:/ST/STM32CubeIDE_1.18.0/STM32CubeIDE/plugins/com.st.stm32cube.ide.mcu.externaltools.gnu-tools-for-stm32.13.3.rel1.win32_1.0.0.202411081344/tools/bin/../lib/gcc/arm-none-eabi/13.3.1/../../../../arm-none-eabi/lib/thumb/v7e-m+fp/hard/crt0.o (exit)
C:/ST/STM32CubeIDE_1.18.0/STM32CubeIDE/plugins/com.st.stm32cube.ide.mcu.externaltools.gnu-tools-for-stm32.13.3.rel1.win32_1.0.0.202411081344/tools/bin/../lib/gcc/arm-none-eabi/13.3.1/../../../../arm-none-eabi/lib/thumb/v7e-m+fp/hard\libc_nano.a(libc_a-malloc.o)
[...]
Memory Configuration

Name             Origin             Length             Attributes
CCMRAM           0x10000000         0x00010000         xrw
RAM              0x20000000         0x00030000         xrw
FLASH            0x08000000         0x00200000         xr
*default*        0x00000000         0xffffffff

Linker script and memory map

LOAD C:/ST/STM32CubeIDE_1.18.0/STM32CubeIDE/plugins/com.st.stm32cube.ide.mcu.externaltools.gnu-tools-for-stm32.13.3.rel1.win32_1.0.0.202411081344/tools/bin/../lib/gcc/arm-none-eabi/13.3.1/thumb/v7e-m+fp/hard/crti.o
LOAD C:/ST/STM32CubeIDE_1.18.0/STM32CubeIDE/plugins/com.st.stm32cube.ide.mcu.externaltools.gnu-tools-for-stm32.13.3.rel1.win32_1.0.0.202411081344/tools/bin/../lib/gcc/arm-none-eabi/13.3.1/thumb/v7e-m+fp/hard/crtbegin.o
LOAD C:/ST/STM32CubeIDE_1.18.0/STM32CubeIDE/plugins/com.st.stm32cube.ide.mcu.externaltools.gnu-tools-for-stm32.13.3.rel1.win32_1.0.0.202411081344/tools/bin/../lib/gcc/arm-none-eabi/13.3.1/../../../../arm-none-eabi/lib/thumb/v7e-m+fp/hard/crt0.o
LOAD ./BSP/Src/ili9341.o
LOAD ./BSP/Src/stm32f429i_discovery.o
LOAD ./BSP/Src/stm32f429i_discovery_io.o
LOAD ./BSP/Src/stm32f429i_discovery_lcd.o
LOAD ./BSP/Src/stm32f429i_discovery_sdram.o
LOAD ./BSP/Src/stm32f429i_discovery_ts.o
LOAD ./BSP/Src/stmpe811.o
LOAD ./Core/Src/main.o
LOAD ./Core/Src/stm32f4xx_hal_msp.o
LOAD ./Core/Src/stm32f4xx_hal_timebase_tim.o
LOAD ./Core/Src/stm32f4xx_it.o
LOAD ./Core/Src/syscalls.o
LOAD ./Core/Src/sysmem.o
LOAD ./Core/Src/system_stm32f4xx.o
LOAD ./Core/Startup/startup_stm32f429zitx.o
LOAD ./Drivers/CMSIS/Core/Template/ARMv8-M/tz_context.o
LOAD ./Drivers/STM32F4xx_HAL_Driver/Src/stm32f4xx_hal.o
LOAD ./Drivers/STM32F4xx_HAL_Driver/Src/stm32f4xx_hal_cortex.o
LOAD ./Drivers/STM32F4xx_HAL_Driver/Src/stm32f4xx_hal_crc.o
LOAD ./Drivers/STM32F4xx_HAL_Driver/Src/stm32f4xx_hal_dma.o
LOAD ./Drivers/STM32F4xx_HAL_Driver/Src/stm32f4xx_hal_dma2d.o
LOAD ./Drivers/STM32F4xx_HAL_Driver/Src/stm32f4xx_hal_dma_ex.o
LOAD ./Drivers/STM32F4xx_HAL_Driver/Src/stm32f4xx_hal_dsi.o
LOAD ./Drivers/STM32F4xx_HAL_Driver/Src/stm32f4xx_hal_exti.o
LOAD ./Drivers/STM32F4xx_HAL_Driver/Src/stm32f4xx_hal_flash.o
LOAD ./Drivers/STM32F4xx_HAL_Driver/Src/stm32f4xx_hal_flash_ex.o
LOAD ./Drivers/STM32F4xx_HAL_Driver/Src/stm32f4xx_hal_flash_ramfunc.o
LOAD ./Drivers/STM32F4xx_HAL_Driver/Src/stm32f4xx_hal_gpio.o
LOAD ./Drivers/STM32F4xx_HAL_Driver/Src/stm32f4xx_hal_i2c.o
LOAD ./Drivers/STM32F4xx_HAL_Driver/Src/stm32f4xx_hal_i2c_ex.o
LOAD ./Drivers/STM32F4xx_HAL_Driver/Src/stm32f4xx_hal_ltdc.o
LOAD ./Drivers/STM32F4xx_HAL_Driver/Src/stm32f4xx_hal_ltdc_ex.o
LOAD ./Drivers/STM32F4xx_HAL_Driver/Src/stm32f4xx_hal_nand.o
LOAD ./Drivers/STM32F4xx_HAL_Driver/Src/stm32f4xx_hal_nor.o
LOAD ./Drivers/STM32F4xx_HAL_Driver/Src/stm32f4xx_hal_pccard.o
LOAD ./Drivers/STM32F4xx_HAL_Driver/Src/stm32f4xx_hal_pwr.o
LOAD ./Drivers/STM32F4xx_HAL_Driver/Src/stm32f4xx_hal_pwr_ex.o
LOAD ./Drivers/STM32F4xx_HAL_Driver/Src/stm32f4xx_hal_rcc.o
LOAD ./Drivers/STM32F4xx_HAL_Driver/Src/stm32f4xx_hal_rcc_ex.o
LOAD ./Drivers/STM32F4xx_HAL_Driver/Src/stm32f4xx_hal_sdram.o
LOAD ./Drivers/STM32F4xx_HAL_Driver/Src/stm32f4xx_hal_spi.o
LOAD ./Drivers/STM32F4xx_HAL_Driver/Src/stm32f4xx_hal_sram.o
LOAD ./Drivers/STM32F4xx_HAL_Driver/Src/stm32f4xx_hal_tim.o
LOAD ./Drivers/STM32F4xx_HAL_Driver/Src/stm32f4xx_hal_tim_ex.o
LOAD ./Drivers/STM32F4xx_HAL_Driver/Src/stm32f4xx_hal_uart.o
LOAD ./Drivers/STM32F4xx_HAL_Driver/Src/stm32f4xx_ll_fmc.o
LOAD ./X-CUBE-AI/App/network.o
LOAD ./X-CUBE-AI/App/network_data.o
LOAD ./X-CUBE-AI/App/network_data_params.o
LOAD ../Middlewares/ST/AI/Lib\NetworkRuntime1000_CM4_GCC.a
START GROUP
LOAD C:/ST/STM32CubeIDE_1.18.0/STM32CubeIDE/plugins/com.st.stm32cube.ide.mcu.externaltools.gnu-tools-for-stm32.13.3.rel1.win32_1.0.0.202411081344/tools/bin/../lib/gcc/arm-none-eabi/13.3.1/../../../../arm-none-eabi/lib/thumb/v7e-m+fp/hard\libc_nano.a
LOAD C:/ST/STM32CubeIDE_1.18.0/STM32CubeIDE/plugins/com.st.stm32cube.ide.mcu.externaltools.gnu-tools-for-stm32.13.3.rel1.win32_1.0.0.202411081344/tools/bin/../lib/gcc/arm-none-eabi/13.3.1/../../../../arm-none-eabi/lib/thumb/v7e-m+fp/hard\libm.a
END GROUP
START GROUP
LOAD C:/ST/STM32CubeIDE_1.18.0/STM32CubeIDE/plugins/com.st.stm32cube.ide.mcu.externaltools.gnu-tools-for-stm32.13.3.rel1.win32_1.0.0.202411081344/tools/bin/../lib/gcc/arm-none-eabi/13.3.1/thumb/v7e-m+fp/hard\libgcc.a
LOAD C:/ST/STM32CubeIDE_1.18.0/STM32CubeIDE/plugins/com.st.stm32cube.ide.mcu.externaltools.gnu-tools-for-stm32.13.3.rel1.win32_1.0.0.202411081344/tools/bin/../lib/gcc/arm-none-eabi/13.3.1/../../../../arm-none-eabi/lib/thumb/v7e-m+fp/hard\libc_nano.a
END GROUP
START GROUP
LOAD C:/ST/STM32CubeIDE_1.18.0/STM32CubeIDE/plugins/com.st.stm32cube.ide.mcu.externaltools.gnu-tools-for-stm32.13.3.rel1.win32_1.0.0.202411081344/tools/bin/../lib/gcc/arm-none-eabi/13.3.1/thumb/v7e-m+fp/hard\libgcc.a
LOAD C:/ST/STM32CubeIDE_1.18.0/STM32CubeIDE/plugins/com.st.stm32cube.ide.mcu.externaltools.gnu-tools-for-stm32.13.3.rel1.win32_1.0.0.202411081344/tools/bin/../lib/gcc/arm-none-eabi/13.3.1/../../../../arm-none-eabi/lib/thumb/v7e-m+fp/hard\libc_nano.a
LOAD C:/ST/STM32CubeIDE_1.18.0/STM32CubeIDE/plugins/com.st.stm32cube.ide.mcu.externaltools.gnu-tools-for-stm32.13.3.rel1.win32_1.0.0.202411081344/tools/bin/../lib/gcc/arm-none-eabi/13.3.1/../../../../arm-none-eabi/lib/thumb/v7e-m+fp/hard\libnosys.a
END GROUP
START GROUP
LOAD C:/ST/STM32CubeIDE_1.18.0/STM32CubeIDE/plugins/com.st.stm32cube.ide.mcu.externaltools.gnu-tools-for-stm32.13.3.rel1.win32_1.0.0.202411081344/tools/bin/../lib/gcc/arm-none-eabi/13.3.1/thumb/v7e-m+fp/hard\libgcc.a
LOAD C:/ST/STM32CubeIDE_1.18.0/STM32CubeIDE/plugins/com.st.stm32cube.ide.mcu.externaltools.gnu-tools-for-stm32.13.3.rel1.win32_1.0.0.202411081344/tools/bin/../lib/gcc/arm-none-eabi/13.3.1/../../../../arm-none-eabi/lib/thumb/v7e-m+fp/hard\libc_nano.a
LOAD C:/ST/STM32CubeIDE_1.18.0/STM32CubeIDE/plugins/com.st.stm32cube.ide.mcu.externaltools.gnu-tools-for-stm32.13.3.rel1.win32_1.0.0.202411081344/tools/bin/../lib/gcc/arm-none-eabi/13.3.1/../../../../arm-none-eabi/lib/thumb/v7e-m+fp/hard\libnosys.a
END GROUP
LOAD C:/ST/STM32CubeIDE_1.18.0/STM32CubeIDE/plugins/com.st.stm32cube.ide.mcu.externaltools.gnu-tools-for-stm32.13.3.rel1.win32_1.0.0.202411081344/tools/bin/../lib/gcc/arm-none-eabi/13.3.1/thumb/v7e-m+fp/hard/crtend.o
LOAD C:/ST/STM32CubeIDE_1.18.0/STM32CubeIDE/plugins/com.st.stm32cube.ide.mcu.externaltools.gnu-tools-for-stm32.13.3.rel1.win32_1.0.0.202411081344/tools/bin/../lib/gcc/arm-none-eabi/13.3.1/thumb/v7e-m+fp/hard/crtn.o
                0x20030000                        _estack = (ORIGIN (RAM) + LENGTH (RAM))
                0x00000800                        _Min_Heap_Size = 0x800
                0x00000800                        _Min_Stack_Size = 0x800

.isr_vector     0x08000000      0x1ac
                0x08000000                        . = ALIGN (0x4)
 *(.isr_vector)
 .isr_vector    0x08000000      0x1ac ./Core/Startup/startup_stm32f429zitx.o
                0x08000000                g_pfnVectors
                0x080001ac                        . = ALIGN (0x4)

.text           0x080001b0     0xf7a8
                0x080001b0                        . = ALIGN (0x4)
 *(.text)
 .text          0x080001b0       0x40 C:/ST/STM32CubeIDE_1.18.0/STM32CubeIDE/plugins/com.st.stm32cube.ide.mcu.externaltools.gnu-tools-for-stm32.13.3.rel1.win32_1.0.0.202411081344/tools/bin/../lib/gcc/arm-none-eabi/13.3.1/thumb/v7e-m+fp/hard/crtbegin.o
 .text          0x080001f0       0xa0 C:/ST/STM32CubeIDE_1.18.0/STM32CubeIDE/plugins/com.st.stm32cube.ide.mcu.externaltools.gnu-tools-for-stm32.13.3.rel1.win32_1.0.0.202411081344/tools/bin/../lib/gcc/arm-none-eabi/13.3.1/../../../../arm-none-eabi/lib/thumb/v7e-m+fp/hard\libc_nano.a(libc_a-memchr.o)
                0x080001f0                memchr
 .text          0x08000290       0x10 C:/ST/STM32CubeIDE_1.18.0/STM32CubeIDE/plugins/com.st.stm32cube.ide.mcu.externaltools.gnu-tools-for-stm32.13.3.rel1.win32_1.0.0.202411081344/tools/bin/../lib/gcc/arm-none-eabi/13.3.1/../../../../arm-none-eabi/lib/thumb/v7e-m+fp/hard\libc_nano.a(libc_a-strlen.o)
                0x08000290                strlen
 .text          0x080002a0      0x378 C:/ST/STM32CubeIDE_1.18.0/STM32CubeIDE/plugins/com.st.stm32cube.ide.mcu.externaltools.gnu-tools-for-stm32.13.3.rel1.win32_1.0.0.202411081344/tools/bin/../lib/gcc/arm-none-eabi/13.3.1/thumb/v7e-m+fp/hard\libgcc.a(_arm_addsubdf3.o)
                0x080002a0                __aeabi_drsub
                0x080002a8                __aeabi_dsub
                0x080002a8                __subdf3
                0x080002ac                __aeabi_dadd
                0x080002ac                __adddf3
                0x08000524                __floatunsidf
                0x08000524                __aeabi_ui2d
                0x08000544                __floatsidf
                0x08000544                __aeabi_i2d
                0x08000568                __aeabi_f2d
                0x08000568                __extendsfdf2
                0x080005ac                __floatundidf
                0x080005ac                __aeabi_ul2d
                0x080005bc                __floatdidf
                0x080005bc                __aeabi_l2d
 .text          0x08000618      0x424 C:/ST/STM32CubeIDE_1.18.0/STM32CubeIDE/plugins/com.st.stm32cube.ide.mcu.externaltools.gnu-tools-for-stm32.13.3.rel1.win32_1.0.0.202411081344/tools/bin/../lib/gcc/arm-none-eabi/13.3.1/thumb/v7e-m+fp/hard\libgcc.a(_arm_muldivdf3.o)
                0x08000618                __aeabi_dmul
                0x08000618                __muldf3
                0x0800086c                __divdf3
                0x0800086c                __aeabi_ddiv
 .text          0x08000a3c      0x110 C:/ST/STM32CubeIDE_1.18.0/STM32CubeIDE/plugins/com.st.stm32cube.ide.mcu.externaltools.gnu-tools-for-stm32.13.3.rel1.win32_1.0.0.202411081344/tools/bin/../lib/gcc/arm-none-eabi/13.3.1/thumb/v7e-m+fp/hard\libgcc.a(_arm_cmpdf2.o)
                0x08000a3c                __gtdf2
                0x08000a3c                __gedf2
                0x08000a44                __ltdf2
                0x08000a44                __ledf2
                0x08000a4c                __nedf2
                0x08000a4c                __eqdf2
                0x08000a4c                __cmpdf2
                0x08000ac8                __aeabi_cdrcmple
                0x08000ad8                __aeabi_cdcmpeq
                0x08000ad8                __aeabi_cdcmple
                0x08000ae8                __aeabi_dcmpeq
                0x08000afc                __aeabi_dcmplt
                0x08000b10                __aeabi_dcmple
                0x08000b24                __aeabi_dcmpge
                0x08000b38                __aeabi_dcmpgt
 .text          0x08000b4c       0x2c C:/ST/STM32CubeIDE_1.18.0/STM32CubeIDE/plugins/com.st.stm32cube.ide.mcu.externaltools.gnu-tools-for-stm32.13.3.rel1.win32_1.0.0.202411081344/tools/bin/../lib/gcc/arm-none-eabi/13.3.1/thumb/v7e-m+fp/hard\libgcc.a(_arm_unorddf2.o)
                0x08000b4c                __unorddf2
                0x08000b4c                __aeabi_dcmpun
 .text          0x08000b78       0x50 C:/ST/STM32CubeIDE_1.18.0/STM32CubeIDE/plugins/com.st.stm32cube.ide.mcu.externaltools.gnu-tools-for-stm32.13.3.rel1.win32_1.0.0.202411081344/tools/bin/../lib/gcc/arm-none-eabi/13.3.1/thumb/v7e-m+fp/hard\libgcc.a(_arm_fixdfsi.o)
                0x08000b78                __aeabi_d2iz
                0x08000b78                __fixdfsi
 .text          0x08000bc8       0x30 C:/ST/STM32CubeIDE_1.18.0/STM32CubeIDE/plugins/com.st.stm32cube.ide.mcu.externaltools.gnu-tools-for-stm32.13.3.rel1.win32_1.0.0.202411081344/tools/bin/../lib/gcc/arm-none-eabi/13.3.1/thumb/v7e-m+fp/hard\libgcc.a(_aeabi_uldivmod.o)
                0x08000bc8                __aeabi_uldivmod
 .text          0x08000bf8      0x2f8 C:/ST/STM32CubeIDE_1.18.0/STM32CubeIDE/plugins/com.st.stm32cube.ide.mcu.externaltools.gnu-tools-for-stm32.13.3.rel1.win32_1.0.0.202411081344/tools/bin/../lib/gcc/arm-none-eabi/13.3.1/thumb/v7e-m+fp/hard\libgcc.a(_udivmoddi4.o)
                0x08000bf8                __udivmoddi4
 .text          0x08000ef0        0x4 C:/ST/STM32CubeIDE_1.18.0/STM32CubeIDE/plugins/com.st.stm32cube.ide.mcu.externaltools.gnu-tools-for-stm32.13.3.rel1.win32_1.0.0.202411081344/tools/bin/../lib/gcc/arm-none-eabi/13.3.1/thumb/v7e-m+fp/hard\libgcc.a(_dvmd_tls.o)
                0x08000ef0                __aeabi_idiv0
                0x08000ef0                __aeabi_ldiv0
 *(.text*)
 .text.ili9341_Init
                0x08000ef4      0x294 ./BSP/Src/ili9341.o
                0x08000ef4                ili9341_Init
 .text.ili9341_ReadID
                0x08001188       0x18 ./BSP/Src/ili9341.o
                0x08001188                ili9341_ReadID
 .text.ili9341_DisplayOn
                0x080011a0        0xe ./BSP/Src/ili9341.o
                0x080011a0                ili9341_DisplayOn
 .text.ili9341_DisplayOff
                0x080011ae        0xe ./BSP/Src/ili9341.o
                0x080011ae                ili9341_DisplayOff
 .text.ili9341_WriteReg
                0x080011bc       0x1a ./BSP/Src/ili9341.o
                0x080011bc                ili9341_WriteReg
 .text.ili9341_WriteData
                0x080011d6       0x1a ./BSP/Src/ili9341.o
                0x080011d6                ili9341_WriteData
 .text.ili9341_ReadData
                0x080011f0       0x26 ./BSP/Src/ili9341.o
                0x080011f0                ili9341_ReadData
 .text.ili9341_GetLcdPixelWidth
                0x08001216       0x10 ./BSP/Src/ili9341.o
                0x08001216                ili9341_GetLcdPixelWidth
 .text.ili9341_GetLcdPixelHeight
                0x08001226       0x12 ./BSP/Src/ili9341.o
                0x08001226                ili9341_GetLcdPixelHeight
 .text.I2Cx_MspInit
                0x08001238       0xec ./BSP/Src/stm32f429i_discovery.o
 .text.I2Cx_Init
                0x08001324       0x64 ./BSP/Src/stm32f429i_discovery.o
 .text.I2Cx_ITConfig
                0x08001388       0x60 ./BSP/Src/stm32f429i_discovery.o
 .text.I2Cx_WriteData
                0x080013e8       0x54 ./BSP/Src/stm32f429i_discovery.o
 .text.I2Cx_ReadData
                0x0800143c       0x58 ./BSP/Src/stm32f429i_discovery.o
 .text.I2Cx_ReadBuffer
                0x08001494       0x5c ./BSP/Src/stm32f429i_discovery.o
 .text.I2Cx_Error
                0x080014f0       0x18 ./BSP/Src/stm32f429i_discovery.o
 .text.SPIx_Init
                0x08001508       0x74 ./BSP/Src/stm32f429i_discovery.o
 .text.SPIx_Read
                0x0800157c       0x40 ./BSP/Src/stm32f429i_discovery.o
 .text.SPIx_Write
                0x080015bc       0x3c ./BSP/Src/stm32f429i_discovery.o
 .text.SPIx_Error
                0x080015f8       0x18 ./BSP/Src/stm32f429i_discovery.o
 .text.SPIx_MspInit
                0x08001610       0x74 ./BSP/Src/stm32f429i_discovery.o
 .text.LCD_IO_Init
                0x08001684       0xf0 ./BSP/Src/stm32f429i_discovery.o
                0x08001684                LCD_IO_Init
 .text.LCD_IO_WriteData
                0x08001774       0x44 ./BSP/Src/stm32f429i_discovery.o
                0x08001774                LCD_IO_WriteData
 .text.LCD_IO_WriteReg
                0x080017b8       0x44 ./BSP/Src/stm32f429i_discovery.o
                0x080017b8                LCD_IO_WriteReg
 .text.LCD_IO_ReadData
                0x080017fc       0x64 ./BSP/Src/stm32f429i_discovery.o
                0x080017fc                LCD_IO_ReadData
 .text.LCD_Delay
                0x08001860       0x16 ./BSP/Src/stm32f429i_discovery.o
                0x08001860                LCD_Delay
 .text.IOE_Init
                0x08001876        0xc ./BSP/Src/stm32f429i_discovery.o
                0x08001876                IOE_Init
 .text.IOE_ITConfig
                0x08001882        0xc ./BSP/Src/stm32f429i_discovery.o
                0x08001882                IOE_ITConfig
 .text.IOE_Write
                0x0800188e       0x26 ./BSP/Src/stm32f429i_discovery.o
                0x0800188e                IOE_Write
 .text.IOE_Read
                0x080018b4       0x26 ./BSP/Src/stm32f429i_discovery.o
                0x080018b4                IOE_Read
 .text.IOE_ReadMultiple
                0x080018da       0x2c ./BSP/Src/stm32f429i_discovery.o
                0x080018da                IOE_ReadMultiple
 .text.IOE_Delay
                0x08001906       0x16 ./BSP/Src/stm32f429i_discovery.o
                0x08001906                IOE_Delay
 .text.BSP_LCD_Init
                0x0800191c       0xd4 ./BSP/Src/stm32f429i_discovery_lcd.o
                0x0800191c                BSP_LCD_Init
 .text.BSP_LCD_GetXSize
                0x080019f0       0x18 ./BSP/Src/stm32f429i_discovery_lcd.o
                0x080019f0                BSP_LCD_GetXSize
 .text.BSP_LCD_GetYSize
                0x08001a08       0x18 ./BSP/Src/stm32f429i_discovery_lcd.o
                0x08001a08                BSP_LCD_GetYSize
 .text.BSP_LCD_LayerDefaultInit
                0x08001a20       0xc8 ./BSP/Src/stm32f429i_discovery_lcd.o
                0x08001a20                BSP_LCD_LayerDefaultInit
 .text.BSP_LCD_SelectLayer
                0x08001ae8       0x20 ./BSP/Src/stm32f429i_discovery_lcd.o
                0x08001ae8                BSP_LCD_SelectLayer
 .text.BSP_LCD_SetTextColor
                0x08001b08       0x30 ./BSP/Src/stm32f429i_discovery_lcd.o
                0x08001b08                BSP_LCD_SetTextColor
 .text.BSP_LCD_SetBackColor
                0x08001b38       0x34 ./BSP/Src/stm32f429i_discovery_lcd.o
                0x08001b38                BSP_LCD_SetBackColor
 .text.BSP_LCD_SetFont
                0x08001b6c       0x34 ./BSP/Src/stm32f429i_discovery_lcd.o
                0x08001b6c                BSP_LCD_SetFont
 .text.BSP_LCD_Clear
                0x08001ba0       0x50 ./BSP/Src/stm32f429i_discovery_lcd.o
                0x08001ba0                BSP_LCD_Clear
 .text.BSP_LCD_DisplayChar
                0x08001bf0       0x88 ./BSP/Src/stm32f429i_discovery_lcd.o
                0x08001bf0                BSP_LCD_DisplayChar
 .text.BSP_LCD_DisplayStringAt
                0x08001c78      0x17c ./BSP/Src/stm32f429i_discovery_lcd.o
                0x08001c78                BSP_LCD_DisplayStringAt
 .text.BSP_LCD_DrawHLine
                0x08001df4       0x7c ./BSP/Src/stm32f429i_discovery_lcd.o
                0x08001df4                BSP_LCD_DrawHLine
 .text.BSP_LCD_DrawVLine
                0x08001e70       0x84 ./BSP/Src/stm32f429i_discovery_lcd.o
                0x08001e70                BSP_LCD_DrawVLine
 .text.BSP_LCD_DrawRect
                0x08001ef4       0x62 ./BSP/Src/stm32f429i_discovery_lcd.o
                0x08001ef4                BSP_LCD_DrawRect
 *fill*         0x08001f56        0x2 
 .text.BSP_LCD_FillRect
                0x08001f58       0xb4 ./BSP/Src/stm32f429i_discovery_lcd.o
                0x08001f58                BSP_LCD_FillRect
 .text.BSP_LCD_DisplayOn
                0x0800200c       0x20 ./BSP/Src/stm32f429i_discovery_lcd.o
                0x0800200c                BSP_LCD_DisplayOn
 .text.BSP_LCD_MspInit
                0x0800202c      0x1ac ./BSP/Src/stm32f429i_discovery_lcd.o
                0x0800202c                BSP_LCD_MspInit
 .text.BSP_LCD_DrawPixel
                0x080021d8       0x4c ./BSP/Src/stm32f429i_discovery_lcd.o
                0x080021d8                BSP_LCD_DrawPixel
 .text.DrawChar
                0x08002224      0x174 ./BSP/Src/stm32f429i_discovery_lcd.o
 .text.FillBuffer
                0x08002398       0x70 ./BSP/Src/stm32f429i_discovery_lcd.o
 .text.BSP_SDRAM_Init
                0x08002408       0xbc ./BSP/Src/stm32f429i_discovery_sdram.o
                0x08002408                BSP_SDRAM_Init
 .text.BSP_SDRAM_Initialization_sequence
                0x080024c4       0xc0 ./BSP/Src/stm32f429i_discovery_sdram.o
                0x080024c4                BSP_SDRAM_Initialization_sequence
 .text.BSP_SDRAM_MspInit
                0x08002584      0x218 ./BSP/Src/stm32f429i_discovery_sdram.o
                0x08002584                BSP_SDRAM_MspInit
 .text.BSP_TS_Init
                0x0800279c       0x74 ./BSP/Src/stm32f429i_discovery_ts.o
                0x0800279c                BSP_TS_Init
 .text.BSP_TS_GetState
                0x08002810      0x164 ./BSP/Src/stm32f429i_discovery_ts.o
                0x08002810                BSP_TS_GetState
 .text.stmpe811_Init
                0x08002974       0x50 ./BSP/Src/stmpe811.o
                0x08002974                stmpe811_Init
 .text.stmpe811_Reset
                0x080029c4       0x3a ./BSP/Src/stmpe811.o
                0x080029c4                stmpe811_Reset
 .text.stmpe811_ReadID
                0x080029fe       0x40 ./BSP/Src/stmpe811.o
                0x080029fe                stmpe811_ReadID
 .text.stmpe811_EnableGlobalIT
                0x08002a3e       0x3c ./BSP/Src/stmpe811.o
                0x08002a3e                stmpe811_EnableGlobalIT
 .text.stmpe811_DisableGlobalIT
                0x08002a7a       0x3c ./BSP/Src/stmpe811.o
                0x08002a7a                stmpe811_DisableGlobalIT
 .text.stmpe811_EnableITSource
                0x08002ab6       0x42 ./BSP/Src/stmpe811.o
                0x08002ab6                stmpe811_EnableITSource
 .text.stmpe811_DisableITSource
                0x08002af8       0x4c ./BSP/Src/stmpe811.o
                0x08002af8                stmpe811_DisableITSource
 .text.stmpe811_ReadGITStatus
                0x08002b44       0x2e ./BSP/Src/stmpe811.o
                0x08002b44                stmpe811_ReadGITStatus
 .text.stmpe811_ClearGlobalIT
                0x08002b72       0x26 ./BSP/Src/stmpe811.o
                0x08002b72                stmpe811_ClearGlobalIT
 .text.stmpe811_IO_EnableAF
                0x08002b98       0x48 ./BSP/Src/stmpe811.o
                0x08002b98                stmpe811_IO_EnableAF
 .text.stmpe811_TS_Start
                0x08002be0       0xf0 ./BSP/Src/stmpe811.o
                0x08002be0                stmpe811_TS_Start
 .text.stmpe811_TS_DetectTouch
                0x08002cd0       0x70 ./BSP/Src/stmpe811.o
                0x08002cd0                stmpe811_TS_DetectTouch
 .text.stmpe811_TS_GetXY
                0x08002d40       0x72 ./BSP/Src/stmpe811.o
                0x08002d40                stmpe811_TS_GetXY
 .text.stmpe811_TS_EnableIT
                0x08002db2       0x28 ./BSP/Src/stmpe811.o
                0x08002db2                stmpe811_TS_EnableIT
 .text.stmpe811_TS_DisableIT
                0x08002dda       0x24 ./BSP/Src/stmpe811.o
                0x08002dda                stmpe811_TS_DisableIT
 .text.stmpe811_TS_ITStatus
                0x08002dfe       0x1e ./BSP/Src/stmpe811.o
                0x08002dfe                stmpe811_TS_ITStatus
 .text.stmpe811_TS_ClearIT
                0x08002e1c       0x1c ./BSP/Src/stmpe811.o
                0x08002e1c                stmpe811_TS_ClearIT
 .text.stmpe811_GetInstance
                0x08002e38       0x44 ./BSP/Src/stmpe811.o
 .text.AI_Init  0x08002e7c       0xa8 ./Core/Src/main.o
 .text.Touchscreen_Init
                0x08002f24       0x30 ./Core/Src/main.o
 .text.LCD_Init
                0x08002f54       0xf0 ./Core/Src/main.o
 .text.Clear_Canvas
                0x08003044       0x80 ./Core/Src/main.o
 .text.Draw_Line
                0x080030c4      0x1b8 ./Core/Src/main.o
 .text.Process_Touch
                0x0800327c      0x134 ./Core/Src/main.o
 .text.Resize_Canvas
                0x080033b0      0x150 ./Core/Src/main.o
 .text.Prepare_Model_Input
                0x08003500       0x88 ./Core/Src/main.o
 .text.Recognize_Digit
                0x08003588      0x1bc ./Core/Src/main.o
                0x08003588                Recognize_Digit
 .text.main     0x08003744       0x80 ./Core/Src/main.o
                0x08003744                main
 .text.SystemClock_Config
                0x080037c4       0xe0 ./Core/Src/main.o
                0x080037c4                SystemClock_Config
 .text.MX_CRC_Init
                0x080038a4       0x28 ./Core/Src/main.o
 .text.MX_DMA2D_Init
                0x080038cc       0x64 ./Core/Src/main.o
 .text.MX_I2C3_Init
                0x08003930       0x80 ./Core/Src/main.o
 .text.MX_LTDC_Init
                0x080039b0      0x164 ./Core/Src/main.o
 .text.MX_SPI5_Init
                0x08003b14       0x6c ./Core/Src/main.o
 .text.MX_USART1_UART_Init
                0x08003b80       0x54 ./Core/Src/main.o
 .text.MX_FMC_Init
                0x08003bd4       0x9c ./Core/Src/main.o
 .text.MX_GPIO_Init
                0x08003c70       0xf8 ./Core/Src/main.o
 .text.HAL_TIM_PeriodElapsedCallback
                0x08003d68       0x24 ./Core/Src/main.o
                0x08003d68                HAL_TIM_PeriodElapsedCallback
 .text.Error_Handler
                0x08003d8c        0xc ./Core/Src/main.o
                0x08003d8c                Error_Handler
 .text.HAL_MspInit
                0x08003d98       0x50 ./Core/Src/stm32f4xx_hal_msp.o
                0x08003d98                HAL_MspInit
 .text.HAL_CRC_MspInit
                0x08003de8       0x44 ./Core/Src/stm32f4xx_hal_msp.o
                0x08003de8                HAL_CRC_MspInit
 .text.HAL_DMA2D_MspInit
                0x08003e2c       0x44 ./Core/Src/stm32f4xx_hal_msp.o
                0x08003e2c                HAL_DMA2D_MspInit
 .text.HAL_I2C_MspInit
                0x08003e70       0xd4 ./Core/Src/stm32f4xx_hal_msp.o
                0x08003e70                HAL_I2C_MspInit
 .text.HAL_I2C_MspDeInit
                0x08003f44       0x4c ./Core/Src/stm32f4xx_hal_msp.o
                0x08003f44                HAL_I2C_MspDeInit
 .text.HAL_LTDC_MspInit
                0x08003f90      0x250 ./Core/Src/stm32f4xx_hal_msp.o
                0x08003f90                HAL_LTDC_MspInit
 .text.HAL_SPI_MspInit
                0x080041e0       0x90 ./Core/Src/stm32f4xx_hal_msp.o
                0x080041e0                HAL_SPI_MspInit
 .text.HAL_SPI_MspDeInit
                0x08004270       0x3c ./Core/Src/stm32f4xx_hal_msp.o
                0x08004270                HAL_SPI_MspDeInit
 .text.HAL_UART_MspInit
                0x080042ac       0x90 ./Core/Src/stm32f4xx_hal_msp.o
                0x080042ac                HAL_UART_MspInit
 .text.HAL_FMC_MspInit
                0x0800433c      0x124 ./Core/Src/stm32f4xx_hal_msp.o
 .text.HAL_SDRAM_MspInit
                0x08004460       0x14 ./Core/Src/stm32f4xx_hal_msp.o
                0x08004460                HAL_SDRAM_MspInit
 .text.HAL_InitTick
                0x08004474       0xf8 ./Core/Src/stm32f4xx_hal_timebase_tim.o
                0x08004474                HAL_InitTick
 .text.NMI_Handler
                0x0800456c        0x8 ./Core/Src/stm32f4xx_it.o
                0x0800456c                NMI_Handler
 .text.HardFault_Handler
                0x08004574        0x8 ./Core/Src/stm32f4xx_it.o
                0x08004574                HardFault_Handler
 .text.MemManage_Handler
                0x0800457c        0x8 ./Core/Src/stm32f4xx_it.o
                0x0800457c                MemManage_Handler
 .text.BusFault_Handler
                0x08004584        0x8 ./Core/Src/stm32f4xx_it.o
                0x08004584                BusFault_Handler
 .text.UsageFault_Handler
                0x0800458c        0x8 ./Core/Src/stm32f4xx_it.o
                0x0800458c                UsageFault_Handler
 .text.SVC_Handler
                0x08004594        0xe ./Core/Src/stm32f4xx_it.o
                0x08004594                SVC_Handler
 .text.DebugMon_Handler
                0x080045a2        0xe ./Core/Src/stm32f4xx_it.o
                0x080045a2                DebugMon_Handler
 .text.PendSV_Handler
                0x080045b0        0xe ./Core/Src/stm32f4xx_it.o
                0x080045b0                PendSV_Handler
 .text.SysTick_Handler
                0x080045be        0xe ./Core/Src/stm32f4xx_it.o
                0x080045be                SysTick_Handler
 .text.TIM6_DAC_IRQHandler
                0x080045cc       0x14 ./Core/Src/stm32f4xx_it.o
                0x080045cc                TIM6_DAC_IRQHandler
 .text._close   0x080045e0       0x18 ./Core/Src/syscalls.o
                0x080045e0                _close
 .text._fstat   0x080045f8       0x20 ./Core/Src/syscalls.o
                0x080045f8                _fstat
 .text._isatty  0x08004618       0x16 ./Core/Src/syscalls.o
                0x08004618                _isatty
 .text._lseek   0x0800462e       0x1a ./Core/Src/syscalls.o
                0x0800462e                _lseek
 .text._read    0x08004648       0x1a ./Core/Src/syscalls.o
                0x08004648                _read
 .text._write   0x08004662       0x2e ./Core/Src/syscalls.o
                0x08004662                _write
 .text._kill    0x08004690       0x20 ./Core/Src/syscalls.o
                0x08004690                _kill
 .text._getpid  0x080046b0       0x10 ./Core/Src/syscalls.o
                0x080046b0                _getpid
 .text._sbrk    0x080046c0       0x6c ./Core/Src/sysmem.o
                0x080046c0                _sbrk
 .text.SystemInit
                0x0800472c       0x24 ./Core/Src/system_stm32f4xx.o
                0x0800472c                SystemInit
 .text.Reset_Handler
                0x08004750       0x50 ./Core/Startup/startup_stm32f429zitx.o
                0x08004750                Reset_Handler
 .text.Default_Handler
                0x080047a0        0x2 ./Core/Startup/startup_stm32f429zitx.o
                0x080047a0                RTC_Alarm_IRQHandler
                0x080047a0                HASH_RNG_IRQHandler
                0x080047a0                EXTI2_IRQHandler
                0x080047a0                TIM8_CC_IRQHandler
                0x080047a0                UART8_IRQHandler
                0x080047a0                SPI4_IRQHandler
                0x080047a0                TIM1_CC_IRQHandler
                0x080047a0                DMA2_Stream5_IRQHandler
                0x080047a0                DMA1_Stream5_IRQHandler
                0x080047a0                PVD_IRQHandler
                0x080047a0                SDIO_IRQHandler
                0x080047a0                TAMP_STAMP_IRQHandler
                0x080047a0                CAN2_RX1_IRQHandler
                0x080047a0                EXTI3_IRQHandler
                0x080047a0                TIM8_TRG_COM_TIM14_IRQHandler
                0x080047a0                TIM1_UP_TIM10_IRQHandler
                0x080047a0                TIM8_UP_TIM13_IRQHandler
                0x080047a0                I2C3_ER_IRQHandler
                0x080047a0                EXTI0_IRQHandler
                0x080047a0                I2C2_EV_IRQHandler
                0x080047a0                DMA1_Stream2_IRQHandler
                0x080047a0                CAN1_RX0_IRQHandler
                0x080047a0                FPU_IRQHandler
                0x080047a0                OTG_HS_WKUP_IRQHandler
                0x080047a0                LTDC_ER_IRQHandler
                0x080047a0                CAN2_SCE_IRQHandler
                0x080047a0                DMA2_Stream2_IRQHandler
                0x080047a0                SPI1_IRQHandler
                0x080047a0                TIM1_BRK_TIM9_IRQHandler
                0x080047a0                DCMI_IRQHandler
                0x080047a0                CAN2_RX0_IRQHandler
                0x080047a0                DMA2_Stream3_IRQHandler
                0x080047a0                USART6_IRQHandler
                0x080047a0                USART3_IRQHandler
                0x080047a0                CAN1_RX1_IRQHandler
                0x080047a0                UART5_IRQHandler
                0x080047a0                DMA2_Stream0_IRQHandler
                0x080047a0                TIM4_IRQHandler
                0x080047a0                I2C1_EV_IRQHandler
                0x080047a0                DMA1_Stream6_IRQHandler
                0x080047a0                DMA1_Stream1_IRQHandler
                0x080047a0                UART4_IRQHandler
                0x080047a0                TIM3_IRQHandler
                0x080047a0                RCC_IRQHandler
                0x080047a0                TIM8_BRK_TIM12_IRQHandler
                0x080047a0                Default_Handler
                0x080047a0                EXTI15_10_IRQHandler
                0x080047a0                ADC_IRQHandler
                0x080047a0                DMA1_Stream7_IRQHandler
                0x080047a0                SPI5_IRQHandler
                0x080047a0                TIM7_IRQHandler
                0x080047a0                CAN2_TX_IRQHandler
                0x080047a0                TIM5_IRQHandler
                0x080047a0                DMA2_Stream7_IRQHandler
                0x080047a0                I2C3_EV_IRQHandler
                0x080047a0                EXTI9_5_IRQHandler
                0x080047a0                RTC_WKUP_IRQHandler
                0x080047a0                LTDC_IRQHandler
                0x080047a0                ETH_WKUP_IRQHandler
                0x080047a0                SPI2_IRQHandler
                0x080047a0                OTG_HS_EP1_IN_IRQHandler
                0x080047a0                DMA1_Stream0_IRQHandler
                0x080047a0                CAN1_TX_IRQHandler
                0x080047a0                EXTI4_IRQHandler
                0x080047a0                ETH_IRQHandler
                0x080047a0                OTG_HS_EP1_OUT_IRQHandler
                0x080047a0                WWDG_IRQHandler
                0x080047a0                SPI6_IRQHandler
                0x080047a0                TIM2_IRQHandler
                0x080047a0                OTG_FS_WKUP_IRQHandler
                0x080047a0                TIM1_TRG_COM_TIM11_IRQHandler
                0x080047a0                OTG_HS_IRQHandler
                0x080047a0                DMA2D_IRQHandler
                0x080047a0                EXTI1_IRQHandler
                0x080047a0                UART7_IRQHandler
                0x080047a0                USART2_IRQHandler
                0x080047a0                I2C2_ER_IRQHandler
                0x080047a0                DMA2_Stream1_IRQHandler
                0x080047a0                CAN1_SCE_IRQHandler
                0x080047a0                FLASH_IRQHandler
                0x080047a0                DMA2_Stream4_IRQHandler
                0x080047a0                USART1_IRQHandler
                0x080047a0                OTG_FS_IRQHandler
                0x080047a0                SPI3_IRQHandler
                0x080047a0                DMA1_Stream4_IRQHandler
                0x080047a0                I2C1_ER_IRQHandler
                0x080047a0                FMC_IRQHandler
                0x080047a0                DMA2_Stream6_IRQHandler
                0x080047a0                SAI1_IRQHandler
                0x080047a0                DMA1_Stream3_IRQHandler
 *fill*         0x080047a2        0x2 
 .text.HAL_Init
                0x080047a4       0x44 ./Drivers/STM32F4xx_HAL_Driver/Src/stm32f4xx_hal.o
                0x080047a4                HAL_Init
 .text.HAL_IncTick
                0x080047e8       0x28 ./Drivers/STM32F4xx_HAL_Driver/Src/stm32f4xx_hal.o
                0x080047e8                HAL_IncTick
 .text.HAL_GetTick
                0x08004810       0x18 ./Drivers/STM32F4xx_HAL_Driver/Src/stm32f4xx_hal.o
                0x08004810                HAL_GetTick
 .text.HAL_Delay
                0x08004828       0x48 ./Drivers/STM32F4xx_HAL_Driver/Src/stm32f4xx_hal.o
                0x08004828                HAL_Delay
 .text.__NVIC_SetPriorityGrouping
                0x08004870       0x48 ./Drivers/STM32F4xx_HAL_Driver/Src/stm32f4xx_hal_cortex.o
 .text.__NVIC_GetPriorityGrouping
                0x080048b8       0x1c ./Drivers/STM32F4xx_HAL_Driver/Src/stm32f4xx_hal_cortex.o
 .text.__NVIC_EnableIRQ
                0x080048d4       0x3c ./Drivers/STM32F4xx_HAL_Driver/Src/stm32f4xx_hal_cortex.o
 .text.__NVIC_SetPriority
                0x08004910       0x54 ./Drivers/STM32F4xx_HAL_Driver/Src/stm32f4xx_hal_cortex.o
 .text.NVIC_EncodePriority
                0x08004964       0x66 ./Drivers/STM32F4xx_HAL_Driver/Src/stm32f4xx_hal_cortex.o
 .text.HAL_NVIC_SetPriorityGrouping
                0x080049ca       0x16 ./Drivers/STM32F4xx_HAL_Driver/Src/stm32f4xx_hal_cortex.o
                0x080049ca                HAL_NVIC_SetPriorityGrouping
 .text.HAL_NVIC_SetPriority
                0x080049e0       0x38 ./Drivers/STM32F4xx_HAL_Driver/Src/stm32f4xx_hal_cortex.o
                0x080049e0                HAL_NVIC_SetPriority
 .text.HAL_NVIC_EnableIRQ
                0x08004a18       0x1c ./Drivers/STM32F4xx_HAL_Driver/Src/stm32f4xx_hal_cortex.o
                0x08004a18                HAL_NVIC_EnableIRQ
 .text.HAL_CRC_Init
                0x08004a34       0x38 ./Drivers/STM32F4xx_HAL_Driver/Src/stm32f4xx_hal_crc.o
                0x08004a34                HAL_CRC_Init
 .text.HAL_DMA_Init
                0x08004a6c      0x15c ./Drivers/STM32F4xx_HAL_Driver/Src/stm32f4xx_hal_dma.o
                0x08004a6c                HAL_DMA_Init
 .text.HAL_DMA_DeInit
                0x08004bc8       0xbc ./Drivers/STM32F4xx_HAL_Driver/Src/stm32f4xx_hal_dma.o
                0x08004bc8                HAL_DMA_DeInit
 .text.DMA_CalcBaseAndBitshift
                0x08004c84       0x6c ./Drivers/STM32F4xx_HAL_Driver/Src/stm32f4xx_hal_dma.o
 .text.DMA_CheckFifoParam
                0x08004cf0       0xf8 ./Drivers/STM32F4xx_HAL_Driver/Src/stm32f4xx_hal_dma.o
 .text.HAL_DMA2D_Init
                0x08004de8       0x92 ./Drivers/STM32F4xx_HAL_Driver/Src/stm32f4xx_hal_dma2d.o
                0x08004de8                HAL_DMA2D_Init
 .text.HAL_DMA2D_Start
                0x08004e7a       0x56 ./Drivers/STM32F4xx_HAL_Driver/Src/stm32f4xx_hal_dma2d.o
                0x08004e7a                HAL_DMA2D_Start
 .text.HAL_DMA2D_PollForTransfer
                0x08004ed0      0x1d2 ./Drivers/STM32F4xx_HAL_Driver/Src/stm32f4xx_hal_dma2d.o
                0x08004ed0                HAL_DMA2D_PollForTransfer
 *fill*         0x080050a2        0x2 
 .text.HAL_DMA2D_ConfigLayer
                0x080050a4      0x124 ./Drivers/STM32F4xx_HAL_Driver/Src/stm32f4xx_hal_dma2d.o
                0x080050a4                HAL_DMA2D_ConfigLayer
 .text.DMA2D_SetConfig
                0x080051c8      0x138 ./Drivers/STM32F4xx_HAL_Driver/Src/stm32f4xx_hal_dma2d.o
 .text.HAL_GPIO_Init
                0x08005300      0x358 ./Drivers/STM32F4xx_HAL_Driver/Src/stm32f4xx_hal_gpio.o
                0x08005300                HAL_GPIO_Init
 .text.HAL_GPIO_DeInit
                0x08005658      0x218 ./Drivers/STM32F4xx_HAL_Driver/Src/stm32f4xx_hal_gpio.o
                0x08005658                HAL_GPIO_DeInit
 .text.HAL_GPIO_WritePin
                0x08005870       0x32 ./Drivers/STM32F4xx_HAL_Driver/Src/stm32f4xx_hal_gpio.o
                0x08005870                HAL_GPIO_WritePin
 *fill*         0x080058a2        0x2 
 .text.HAL_I2C_Init
                0x080058a4      0x288 ./Drivers/STM32F4xx_HAL_Driver/Src/stm32f4xx_hal_i2c.o
                0x080058a4                HAL_I2C_Init
 .text.HAL_I2C_DeInit
                0x08005b2c       0x5e ./Drivers/STM32F4xx_HAL_Driver/Src/stm32f4xx_hal_i2c.o
                0x08005b2c                HAL_I2C_DeInit
 *fill*         0x08005b8a        0x2 
 .text.HAL_I2C_Mem_Write
                0x08005b8c      0x1f4 ./Drivers/STM32F4xx_HAL_Driver/Src/stm32f4xx_hal_i2c.o
                0x08005b8c                HAL_I2C_Mem_Write
 .text.HAL_I2C_Mem_Read
                0x08005d80      0x464 ./Drivers/STM32F4xx_HAL_Driver/Src/stm32f4xx_hal_i2c.o
                0x08005d80                HAL_I2C_Mem_Read
 .text.HAL_I2C_GetState
                0x080061e4       0x1c ./Drivers/STM32F4xx_HAL_Driver/Src/stm32f4xx_hal_i2c.o
                0x080061e4                HAL_I2C_GetState
 .text.I2C_RequestMemoryWrite
                0x08006200      0x12c ./Drivers/STM32F4xx_HAL_Driver/Src/stm32f4xx_hal_i2c.o
 .text.I2C_RequestMemoryRead
                0x0800632c      0x1d0 ./Drivers/STM32F4xx_HAL_Driver/Src/stm32f4xx_hal_i2c.o
 .text.I2C_WaitOnFlagUntilTimeout
                0x080064fc       0xf4 ./Drivers/STM32F4xx_HAL_Driver/Src/stm32f4xx_hal_i2c.o
 .text.I2C_WaitOnMasterAddressFlagUntilTimeout
                0x080065f0      0x140 ./Drivers/STM32F4xx_HAL_Driver/Src/stm32f4xx_hal_i2c.o
 .text.I2C_WaitOnTXEFlagUntilTimeout
                0x08006730       0x90 ./Drivers/STM32F4xx_HAL_Driver/Src/stm32f4xx_hal_i2c.o
 .text.I2C_WaitOnBTFFlagUntilTimeout
                0x080067c0       0x90 ./Drivers/STM32F4xx_HAL_Driver/Src/stm32f4xx_hal_i2c.o
 .text.I2C_WaitOnRXNEFlagUntilTimeout
                0x08006850       0xba ./Drivers/STM32F4xx_HAL_Driver/Src/stm32f4xx_hal_i2c.o
 .text.I2C_IsAcknowledgeFailed
                0x0800690a       0x5e ./Drivers/STM32F4xx_HAL_Driver/Src/stm32f4xx_hal_i2c.o
 .text.HAL_I2CEx_ConfigAnalogFilter
                0x08006968       0x78 ./Drivers/STM32F4xx_HAL_Driver/Src/stm32f4xx_hal_i2c_ex.o
                0x08006968                HAL_I2CEx_ConfigAnalogFilter
 .text.HAL_I2CEx_ConfigDigitalFilter
                0x080069e0       0x7e ./Drivers/STM32F4xx_HAL_Driver/Src/stm32f4xx_hal_i2c_ex.o
                0x080069e0                HAL_I2CEx_ConfigDigitalFilter
 *fill*         0x08006a5e        0x2 
 .text.HAL_LTDC_Init
                0x08006a60      0x1a0 ./Drivers/STM32F4xx_HAL_Driver/Src/stm32f4xx_hal_ltdc.o
                0x08006a60                HAL_LTDC_Init
 .text.HAL_LTDC_ConfigLayer
                0x08006c00       0x7c ./Drivers/STM32F4xx_HAL_Driver/Src/stm32f4xx_hal_ltdc.o
                0x08006c00                HAL_LTDC_ConfigLayer
 .text.HAL_LTDC_EnableDither
                0x08006c7c       0x54 ./Drivers/STM32F4xx_HAL_Driver/Src/stm32f4xx_hal_ltdc.o
                0x08006c7c                HAL_LTDC_EnableDither
 .text.LTDC_SetConfig
                0x08006cd0      0x32e ./Drivers/STM32F4xx_HAL_Driver/Src/stm32f4xx_hal_ltdc.o
 *fill*         0x08006ffe        0x2 
 .text.HAL_PWREx_EnableOverDrive
                0x08007000       0xa0 ./Drivers/STM32F4xx_HAL_Driver/Src/stm32f4xx_hal_pwr_ex.o
                0x08007000                HAL_PWREx_EnableOverDrive
 .text.HAL_RCC_OscConfig
                0x080070a0      0x4f0 ./Drivers/STM32F4xx_HAL_Driver/Src/stm32f4xx_hal_rcc.o
                0x080070a0                HAL_RCC_OscConfig
 .text.HAL_RCC_ClockConfig
                0x08007590      0x1cc ./Drivers/STM32F4xx_HAL_Driver/Src/stm32f4xx_hal_rcc.o
                0x08007590                HAL_RCC_ClockConfig
 .text.HAL_RCC_GetSysClockFreq
                0x0800775c      0x18c ./Drivers/STM32F4xx_HAL_Driver/Src/stm32f4xx_hal_rcc.o
                0x0800775c                HAL_RCC_GetSysClockFreq
 .text.HAL_RCC_GetHCLKFreq
                0x080078e8       0x18 ./Drivers/STM32F4xx_HAL_Driver/Src/stm32f4xx_hal_rcc.o
                0x080078e8                HAL_RCC_GetHCLKFreq
 .text.HAL_RCC_GetPCLK1Freq
                0x08007900       0x28 ./Drivers/STM32F4xx_HAL_Driver/Src/stm32f4xx_hal_rcc.o
                0x08007900                HAL_RCC_GetPCLK1Freq
 .text.HAL_RCC_GetPCLK2Freq
                0x08007928       0x28 ./Drivers/STM32F4xx_HAL_Driver/Src/stm32f4xx_hal_rcc.o
                0x08007928                HAL_RCC_GetPCLK2Freq
 .text.HAL_RCC_GetClockConfig
                0x08007950       0x64 ./Drivers/STM32F4xx_HAL_Driver/Src/stm32f4xx_hal_rcc.o
                0x08007950                HAL_RCC_GetClockConfig
 .text.HAL_RCCEx_PeriphCLKConfig
                0x080079b4      0x380 ./Drivers/STM32F4xx_HAL_Driver/Src/stm32f4xx_hal_rcc_ex.o
                0x080079b4                HAL_RCCEx_PeriphCLKConfig
 .text.HAL_SDRAM_Init
                0x08007d34       0x68 ./Drivers/STM32F4xx_HAL_Driver/Src/stm32f4xx_hal_sdram.o
                0x08007d34                HAL_SDRAM_Init
 .text.HAL_SDRAM_SendCommand
                0x08007d9c       0x6a ./Drivers/STM32F4xx_HAL_Driver/Src/stm32f4xx_hal_sdram.o
                0x08007d9c                HAL_SDRAM_SendCommand
 .text.HAL_SDRAM_ProgramRefreshRate
                0x08007e06       0x50 ./Drivers/STM32F4xx_HAL_Driver/Src/stm32f4xx_hal_sdram.o
                0x08007e06                HAL_SDRAM_ProgramRefreshRate
 .text.HAL_SPI_Init
                0x08007e56      0x112 ./Drivers/STM32F4xx_HAL_Driver/Src/stm32f4xx_hal_spi.o
                0x08007e56                HAL_SPI_Init
 .text.HAL_SPI_DeInit
                0x08007f68       0x50 ./Drivers/STM32F4xx_HAL_Driver/Src/stm32f4xx_hal_spi.o
                0x08007f68                HAL_SPI_DeInit
 .text.HAL_SPI_Transmit
                0x08007fb8      0x288 ./Drivers/STM32F4xx_HAL_Driver/Src/stm32f4xx_hal_spi.o
                0x08007fb8                HAL_SPI_Transmit
 .text.HAL_SPI_Receive
                0x08008240      0x232 ./Drivers/STM32F4xx_HAL_Driver/Src/stm32f4xx_hal_spi.o
                0x08008240                HAL_SPI_Receive
 .text.HAL_SPI_TransmitReceive
                0x08008472      0x352 ./Drivers/STM32F4xx_HAL_Driver/Src/stm32f4xx_hal_spi.o
                0x08008472                HAL_SPI_TransmitReceive
 .text.HAL_SPI_GetState
                0x080087c4       0x1c ./Drivers/STM32F4xx_HAL_Driver/Src/stm32f4xx_hal_spi.o
                0x080087c4                HAL_SPI_GetState
 .text.SPI_WaitFlagStateUntilTimeout
                0x080087e0      0x110 ./Drivers/STM32F4xx_HAL_Driver/Src/stm32f4xx_hal_spi.o
 .text.SPI_EndRxTransaction
                0x080088f0       0xca ./Drivers/STM32F4xx_HAL_Driver/Src/stm32f4xx_hal_spi.o
 *fill*         0x080089ba        0x2 
 .text.SPI_EndRxTxTransaction
                0x080089bc       0xa8 ./Drivers/STM32F4xx_HAL_Driver/Src/stm32f4xx_hal_spi.o
 .text.HAL_TIM_Base_Init
                0x08008a64       0x9e ./Drivers/STM32F4xx_HAL_Driver/Src/stm32f4xx_hal_tim.o
                0x08008a64                HAL_TIM_Base_Init
 .text.HAL_TIM_Base_MspInit
                0x08008b02       0x14 ./Drivers/STM32F4xx_HAL_Driver/Src/stm32f4xx_hal_tim.o
                0x08008b02                HAL_TIM_Base_MspInit
 *fill*         0x08008b16        0x2 
 .text.HAL_TIM_Base_Start_IT
                0x08008b18       0xe0 ./Drivers/STM32F4xx_HAL_Driver/Src/stm32f4xx_hal_tim.o
                0x08008b18                HAL_TIM_Base_Start_IT
 .text.HAL_TIM_IRQHandler
                0x08008bf8      0x1e0 ./Drivers/STM32F4xx_HAL_Driver/Src/stm32f4xx_hal_tim.o
                0x08008bf8                HAL_TIM_IRQHandler
 .text.HAL_TIM_OC_DelayElapsedCallback
                0x08008dd8       0x14 ./Drivers/STM32F4xx_HAL_Driver/Src/stm32f4xx_hal_tim.o
                0x08008dd8                HAL_TIM_OC_DelayElapsedCallback
 .text.HAL_TIM_IC_CaptureCallback
                0x08008dec       0x14 ./Drivers/STM32F4xx_HAL_Driver/Src/stm32f4xx_hal_tim.o
                0x08008dec                HAL_TIM_IC_CaptureCallback
 .text.HAL_TIM_PWM_PulseFinishedCallback
                0x08008e00       0x14 ./Drivers/STM32F4xx_HAL_Driver/Src/stm32f4xx_hal_tim.o
                0x08008e00                HAL_TIM_PWM_PulseFinishedCallback
 .text.HAL_TIM_TriggerCallback
                0x08008e14       0x14 ./Drivers/STM32F4xx_HAL_Driver/Src/stm32f4xx_hal_tim.o
                0x08008e14                HAL_TIM_TriggerCallback
 .text.TIM_Base_SetConfig
                0x08008e28      0x158 ./Drivers/STM32F4xx_HAL_Driver/Src/stm32f4xx_hal_tim.o
                0x08008e28                TIM_Base_SetConfig
 .text.HAL_TIMEx_CommutCallback
                0x08008f80       0x14 ./Drivers/STM32F4xx_HAL_Driver/Src/stm32f4xx_hal_tim_ex.o
                0x08008f80                HAL_TIMEx_CommutCallback
 .text.HAL_TIMEx_BreakCallback
                0x08008f94       0x14 ./Drivers/STM32F4xx_HAL_Driver/Src/stm32f4xx_hal_tim_ex.o
                0x08008f94                HAL_TIMEx_BreakCallback
 .text.HAL_UART_Init
                0x08008fa8       0xa0 ./Drivers/STM32F4xx_HAL_Driver/Src/stm32f4xx_hal_uart.o
                0x08008fa8                HAL_UART_Init
 .text.UART_SetConfig
                0x08009048      0x4e8 ./Drivers/STM32F4xx_HAL_Driver/Src/stm32f4xx_hal_uart.o
 .text.FMC_SDRAM_Init
                0x08009530       0xba ./Drivers/STM32F4xx_HAL_Driver/Src/stm32f4xx_ll_fmc.o
                0x08009530                FMC_SDRAM_Init
 .text.FMC_SDRAM_Timing_Init
                0x080095ea       0xd2 ./Drivers/STM32F4xx_HAL_Driver/Src/stm32f4xx_ll_fmc.o
                0x080095ea                FMC_SDRAM_Timing_Init
 .text.FMC_SDRAM_SendCommand
                0x080096bc       0x7a ./Drivers/STM32F4xx_HAL_Driver/Src/stm32f4xx_ll_fmc.o
                0x080096bc                FMC_SDRAM_SendCommand
 .text.FMC_SDRAM_ProgramRefreshRate
                0x08009736       0x2e ./Drivers/STM32F4xx_HAL_Driver/Src/stm32f4xx_ll_fmc.o
                0x08009736                FMC_SDRAM_ProgramRefreshRate
 .text.network_configure_activations
                0x08009764      0x158 ./X-CUBE-AI/App/network.o
 .text.network_configure_weights
                0x080098bc      0x174 ./X-CUBE-AI/App/network.o
 .text.ai_network_get_report
                0x08009a30       0xd8 ./X-CUBE-AI/App/network.o
                0x08009a30                ai_network_get_report
 .text.ai_network_create
                0x08009b08       0x2c ./X-CUBE-AI/App/network.o
                0x08009b08                ai_network_create
 .text.ai_network_init
                0x08009b34       0x78 ./X-CUBE-AI/App/network.o
                0x08009b34                ai_network_init
 .text.ai_network_run
                0x08009bac       0x20 ./X-CUBE-AI/App/network.o
                0x08009bac                ai_network_run
 .text.ai_network_data_activations_buffer_get
                0x08009bcc       0x68 ./X-CUBE-AI/App/network_data.o
                0x08009bcc                ai_network_data_activations_buffer_get
 .text.ai_network_data_weights_buffer_get
                0x08009c34       0x68 ./X-CUBE-AI/App/network_data.o
                0x08009c34                ai_network_data_weights_buffer_get
 .text.ai_network_data_weights_get
                0x08009c9c       0x14 ./X-CUBE-AI/App/network_data.o
                0x08009c9c                ai_network_data_weights_get
 .text.ai_buffer_get_size
                0x08009cb0       0x68 ../Middlewares/ST/AI/Lib\NetworkRuntime1000_CM4_GCC.a(ai_platform.o)
                0x08009cb0                ai_buffer_get_size
 .text.ai_buffer_array_sane
                0x08009d18       0x14 ../Middlewares/ST/AI/Lib\NetworkRuntime1000_CM4_GCC.a(ai_platform.o)
                0x08009d18                ai_buffer_array_sane
 .text.ai_platform_get_weights_map
                0x08009d2c       0xa8 ../Middlewares/ST/AI/Lib\NetworkRuntime1000_CM4_GCC.a(ai_platform_interface.o)
                0x08009d2c                ai_platform_get_weights_map
 .text.ai_platform_get_activations_map
                0x08009dd4       0xa8 ../Middlewares/ST/AI/Lib\NetworkRuntime1000_CM4_GCC.a(ai_platform_interface.o)
                0x08009dd4                ai_platform_get_activations_map
 .text.ai_platform_runtime_get_revision
                0x08009e7c        0x8 ../Middlewares/ST/AI/Lib\NetworkRuntime1000_CM4_GCC.a(ai_platform_interface.o)
                0x08009e7c                ai_platform_runtime_get_revision
 .text.ai_platform_runtime_get_version
                0x08009e84        0x8 ../Middlewares/ST/AI/Lib\NetworkRuntime1000_CM4_GCC.a(ai_platform_interface.o)
                0x08009e84                ai_platform_runtime_get_version
 .text.ai_platform_api_get_version
                0x08009e8c       0x2c ../Middlewares/ST/AI/Lib\NetworkRuntime1000_CM4_GCC.a(ai_platform_interface.o)
                0x08009e8c                ai_platform_api_get_version
 .text.ai_platform_interface_api_get_version
                0x08009eb8       0x2c ../Middlewares/ST/AI/Lib\NetworkRuntime1000_CM4_GCC.a(ai_platform_interface.o)
                0x08009eb8                ai_platform_interface_api_get_version
 .text.ai_platform_context_acquire
                0x08009ee4       0x10 ../Middlewares/ST/AI/Lib\NetworkRuntime1000_CM4_GCC.a(ai_platform_interface.o)
                0x08009ee4                ai_platform_context_acquire
 .text.ai_platform_network_set_error
                0x08009ef4        0xc ../Middlewares/ST/AI/Lib\NetworkRuntime1000_CM4_GCC.a(ai_platform_interface.o)
                0x08009ef4                ai_platform_network_set_error
 .text.ai_platform_api_get_network_report
                0x08009f00      0x35c ../Middlewares/ST/AI/Lib\NetworkRuntime1000_CM4_GCC.a(ai_platform_interface.o)
                0x08009f00                ai_platform_api_get_network_report
 .text.ai_platform_network_create
                0x0800a25c       0x84 ../Middlewares/ST/AI/Lib\NetworkRuntime1000_CM4_GCC.a(ai_platform_interface.o)
                0x0800a25c                ai_platform_network_create
 .text.ai_platform_network_init
                0x0800a2e0      0x19c ../Middlewares/ST/AI/Lib\NetworkRuntime1000_CM4_GCC.a(ai_platform_interface.o)
                0x0800a2e0                ai_platform_network_init
 .text.ai_platform_network_post_init
                0x0800a47c       0x60 ../Middlewares/ST/AI/Lib\NetworkRuntime1000_CM4_GCC.a(ai_platform_interface.o)
                0x0800a47c                ai_platform_network_post_init
 .text.ai_platform_network_process
                0x0800a4dc      0x480 ../Middlewares/ST/AI/Lib\NetworkRuntime1000_CM4_GCC.a(ai_platform_interface.o)
                0x0800a4dc                ai_platform_network_process
 .text.core_init
                0x0800a95c        0x4 ../Middlewares/ST/AI/Lib\NetworkRuntime1000_CM4_GCC.a(core_common.o)
                0x0800a95c                core_init
 .text.core_set_error
                0x0800a960       0x18 ../Middlewares/ST/AI/Lib\NetworkRuntime1000_CM4_GCC.a(core_common.o)
                0x0800a960                core_set_error
 .text.ai_check_custom_types
                0x0800a978       0x54 ../Middlewares/ST/AI/Lib\NetworkRuntime1000_CM4_GCC.a(layers.o)
                0x0800a978                ai_check_custom_types
 .text.ai_layers_init_all
                0x0800a9cc       0x1c ../Middlewares/ST/AI/Lib\NetworkRuntime1000_CM4_GCC.a(layers.o)
                0x0800a9cc                ai_layers_init_all
 .text.ai_layers_post_init_all
                0x0800a9e8       0x28 ../Middlewares/ST/AI/Lib\NetworkRuntime1000_CM4_GCC.a(layers.o)
                0x0800a9e8                ai_layers_post_init_all
 .text.ai_layers_forward_all
                0x0800aa10       0x94 ../Middlewares/ST/AI/Lib\NetworkRuntime1000_CM4_GCC.a(layers.o)
                0x0800aa10                ai_layers_forward_all
 .text.forward_conv2d_if32of32wf32_nl_pool
                0x0800aaa4      0x2e0 ../Middlewares/ST/AI/Lib\NetworkRuntime1000_CM4_GCC.a(layers_conv2d_generic_float.o)
                0x0800aaa4                forward_conv2d_if32of32wf32_nl_pool
 .text.forward_dense
                0x0800ad84       0xfc ../Middlewares/ST/AI/Lib\NetworkRuntime1000_CM4_GCC.a(layers_conv2d_generic_float.o)
                0x0800ad84                forward_dense
 .text.forward_relu
                0x0800ae80      0x138 ../Middlewares/ST/AI/Lib\NetworkRuntime1000_CM4_GCC.a(layers_nl_generic_float.o)
                0x0800ae80                forward_relu
 .text.forward_sm
                0x0800afb8       0x84 ../Middlewares/ST/AI/Lib\NetworkRuntime1000_CM4_GCC.a(layers_nl_generic_float.o)
                0x0800afb8                forward_sm
 .text.forward_lite_conv2d_if32of32wf32_pool
                0x0800b03c      0x80c ../Middlewares/ST/AI/Lib\NetworkRuntime1000_CM4_GCC.a(forward_lite_conv2d_if32of32wf32.o)
                0x0800b03c                forward_lite_conv2d_if32of32wf32_pool
 .text.forward_lite_nl_softmax_if32of32_kernel
                0x0800b848       0xe4 ../Middlewares/ST/AI/Lib\NetworkRuntime1000_CM4_GCC.a(lite_nl_softmax_if32of32.o)
                0x0800b848                forward_lite_nl_softmax_if32of32_kernel
 .text.forward_lite_nl_relu_generic_if32of32_kernel
                0x0800b92c       0xfc ../Middlewares/ST/AI/Lib\NetworkRuntime1000_CM4_GCC.a(lite_nl_relu_if32of32.o)
                0x0800b92c                forward_lite_nl_relu_generic_if32of32_kernel
 .text.pool_func_mp_array_f32
                0x0800ba28      0x450 ../Middlewares/ST/AI/Lib\NetworkRuntime1000_CM4_GCC.a(forward_lite_pool_f32.o)
                0x0800ba28                pool_func_mp_array_f32
 .text.forward_lite_dense_if32of32wf32
                0x0800be78      0x2b4 ../Middlewares/ST/AI/Lib\NetworkRuntime1000_CM4_GCC.a(lite_dense_if32.o)
                0x0800be78                forward_lite_dense_if32of32wf32
 .text.forward_lite_dense_if32of32wf32_lut4
                0x0800c12c      0x250 ../Middlewares/ST/AI/Lib\NetworkRuntime1000_CM4_GCC.a(lite_dense_if32.o)
                0x0800c12c                forward_lite_dense_if32of32wf32_lut4
 .text.forward_lite_dense_if32of32wf32_lut8
                0x0800c37c      0x25c ../Middlewares/ST/AI/Lib\NetworkRuntime1000_CM4_GCC.a(lite_dense_if32.o)
                0x0800c37c                forward_lite_dense_if32of32wf32_lut8
 .text.forward_lite_nl_relu_if32of32
                0x0800c5d8       0x44 ../Middlewares/ST/AI/Lib\NetworkRuntime1000_CM4_GCC.a(lite_nl_generic_float.o)
                0x0800c5d8                forward_lite_nl_relu_if32of32
 .text.forward_lite_nl_softmax_if32of32
                0x0800c61c       0x6c ../Middlewares/ST/AI/Lib\NetworkRuntime1000_CM4_GCC.a(lite_nl_generic_float.o)
                0x0800c61c                forward_lite_nl_softmax_if32of32
 .text.st_int8_copy
                0x0800c688      0x144 ../Middlewares/ST/AI/Lib\NetworkRuntime1000_CM4_GCC.a(st_int8_fill.o)
                0x0800c688                st_int8_copy
 .text.ai_array_to_buffer_fmt
                0x0800c7cc       0xe0 ../Middlewares/ST/AI/Lib\NetworkRuntime1000_CM4_GCC.a(ai_datatypes_format.o)
                0x0800c7cc                ai_array_to_buffer_fmt
 .text.ai_array_get_byte_size
                0x0800c8ac       0x50 ../Middlewares/ST/AI/Lib\NetworkRuntime1000_CM4_GCC.a(ai_datatypes_format.o)
                0x0800c8ac                ai_array_get_byte_size
 .text.ai_array_get_data_byte_size
                0x0800c8fc       0x24 ../Middlewares/ST/AI/Lib\NetworkRuntime1000_CM4_GCC.a(ai_datatypes_format.o)
                0x0800c8fc                ai_array_get_data_byte_size
 .text.ai_version_get
                0x0800c920        0xc ../Middlewares/ST/AI/Lib\NetworkRuntime1000_CM4_GCC.a(ai_datatypes_internal.o)
                0x0800c920                ai_version_get
 .text.ai_platform_version_get
                0x0800c92c       0x24 ../Middlewares/ST/AI/Lib\NetworkRuntime1000_CM4_GCC.a(ai_datatypes_internal.o)
                0x0800c92c                ai_platform_version_get
 .text.get_tensor_byte_size
                0x0800c950       0x30 ../Middlewares/ST/AI/Lib\NetworkRuntime1000_CM4_GCC.a(ai_datatypes_internal.o)
                0x0800c950                get_tensor_byte_size
 .text.malloc   0x0800c980       0x10 C:/ST/STM32CubeIDE_1.18.0/STM32CubeIDE/plugins/com.st.stm32cube.ide.mcu.externaltools.gnu-tools-for-stm32.13.3.rel1.win32_1.0.0.202411081344/tools/bin/../lib/gcc/arm-none-eabi/13.3.1/../../../../arm-none-eabi/lib/thumb/v7e-m+fp/hard\libc_nano.a(libc_a-malloc.o)
                0x0800c980                malloc
 .text.sbrk_aligned
                0x0800c990       0x44 C:/ST/STM32CubeIDE_1.18.0/STM32CubeIDE/plugins/com.st.stm32cube.ide.mcu.externaltools.gnu-tools-for-stm32.13.3.rel1.win32_1.0.0.202411081344/tools/bin/../lib/gcc/arm-none-eabi/13.3.1/../../../../arm-none-eabi/lib/thumb/v7e-m+fp/hard\libc_nano.a(libc_a-mallocr.o)
 .text._malloc_r
                0x0800c9d4      0x100 C:/ST/STM32CubeIDE_1.18.0/STM32CubeIDE/plugins/com.st.stm32cube.ide.mcu.externaltools.gnu-tools-for-stm32.13.3.rel1.win32_1.0.0.202411081344/tools/bin/../lib/gcc/arm-none-eabi/13.3.1/../../../../arm-none-eabi/lib/thumb/v7e-m+fp/hard\libc_nano.a(libc_a-mallocr.o)
                0x0800c9d4                _malloc_r
 .text.__malloc_lock
                0x0800cad4        0xc C:/ST/STM32CubeIDE_1.18.0/STM32CubeIDE/plugins/com.st.stm32cube.ide.mcu.externaltools.gnu-tools-for-stm32.13.3.rel1.win32_1.0.0.202411081344/tools/bin/../lib/gcc/arm-none-eabi/13.3.1/../../../../arm-none-eabi/lib/thumb/v7e-m+fp/hard\libc_nano.a(libc_a-mlock.o)
                0x0800cad4                __malloc_lock
 .text.__malloc_unlock
                0x0800cae0        0xc C:/ST/STM32CubeIDE_1.18.0/STM32CubeIDE/plugins/com.st.stm32cube.ide.mcu.externaltools.gnu-tools-for-stm32.13.3.rel1.win32_1.0.0.202411081344/tools/bin/../lib/gcc/arm-none-eabi/13.3.1/../../../../arm-none-eabi/lib/thumb/v7e-m+fp/hard\libc_nano.a(libc_a-mlock.o)
                0x0800cae0                __malloc_unlock
 .text._realloc_r
                0x0800caec       0x5c C:/ST/STM32CubeIDE_1.18.0/STM32CubeIDE/plugins/com.st.stm32cube.ide.mcu.externaltools.gnu-tools-for-stm32.13.3.rel1.win32_1.0.0.202411081344/tools/bin/../lib/gcc/arm-none-eabi/13.3.1/../../../../arm-none-eabi/lib/thumb/v7e-m+fp/hard\libc_nano.a(libc_a-reallocr.o)
                0x0800caec                _realloc_r
 .text.__cvt    0x0800cb48       0xca C:/ST/STM32CubeIDE_1.18.0/STM32CubeIDE/plugins/com.st.stm32cube.ide.mcu.externaltools.gnu-tools-for-stm32.13.3.rel1.win32_1.0.0.202411081344/tools/bin/../lib/gcc/arm-none-eabi/13.3.1/../../../../arm-none-eabi/lib/thumb/v7e-m+fp/hard\libc_nano.a(libc_a-nano-vfprintf_float.o)
                0x0800cb48                __cvt
 .text.__exponent
                0x0800cc12       0x74 C:/ST/STM32CubeIDE_1.18.0/STM32CubeIDE/plugins/com.st.stm32cube.ide.mcu.externaltools.gnu-tools-for-stm32.13.3.rel1.win32_1.0.0.202411081344/tools/bin/../lib/gcc/arm-none-eabi/13.3.1/../../../../arm-none-eabi/lib/thumb/v7e-m+fp/hard\libc_nano.a(libc_a-nano-vfprintf_float.o)
                0x0800cc12                __exponent
 *fill*         0x0800cc86        0x2 
 .text._printf_float
                0x0800cc88      0x454 C:/ST/STM32CubeIDE_1.18.0/STM32CubeIDE/plugins/com.st.stm32cube.ide.mcu.externaltools.gnu-tools-for-stm32.13.3.rel1.win32_1.0.0.202411081344/tools/bin/../lib/gcc/arm-none-eabi/13.3.1/../../../../arm-none-eabi/lib/thumb/v7e-m+fp/hard\libc_nano.a(libc_a-nano-vfprintf_float.o)
                0x0800cc88                _printf_float
 .text._printf_common
                0x0800d0dc       0xda C:/ST/STM32CubeIDE_1.18.0/STM32CubeIDE/plugins/com.st.stm32cube.ide.mcu.externaltools.gnu-tools-for-stm32.13.3.rel1.win32_1.0.0.202411081344/tools/bin/../lib/gcc/arm-none-eabi/13.3.1/../../../../arm-none-eabi/lib/thumb/v7e-m+fp/hard\libc_nano.a(libc_a-nano-vfprintf_i.o)
                0x0800d0dc                _printf_common
 *fill*         0x0800d1b6        0x2 
 .text._printf_i
                0x0800d1b8      0x23c C:/ST/STM32CubeIDE_1.18.0/STM32CubeIDE/plugins/com.st.stm32cube.ide.mcu.externaltools.gnu-tools-for-stm32.13.3.rel1.win32_1.0.0.202411081344/tools/bin/../lib/gcc/arm-none-eabi/13.3.1/../../../../arm-none-eabi/lib/thumb/v7e-m+fp/hard\libc_nano.a(libc_a-nano-vfprintf_i.o)
                0x0800d1b8                _printf_i
 .text.std      0x0800d3f4       0x6c C:/ST/STM32CubeIDE_1.18.0/STM32CubeIDE/plugins/com.st.stm32cube.ide.mcu.externaltools.gnu-tools-for-stm32.13.3.rel1.win32_1.0.0.202411081344/tools/bin/../lib/gcc/arm-none-eabi/13.3.1/../../../../arm-none-eabi/lib/thumb/v7e-m+fp/hard\libc_nano.a(libc_a-findfp.o)
 .text.stdio_exit_handler
                0x0800d460       0x18 C:/ST/STM32CubeIDE_1.18.0/STM32CubeIDE/plugins/com.st.stm32cube.ide.mcu.externaltools.gnu-tools-for-stm32.13.3.rel1.win32_1.0.0.202411081344/tools/bin/../lib/gcc/arm-none-eabi/13.3.1/../../../../arm-none-eabi/lib/thumb/v7e-m+fp/hard\libc_nano.a(libc_a-findfp.o)
 .text.cleanup_stdio
                0x0800d478       0x40 C:/ST/STM32CubeIDE_1.18.0/STM32CubeIDE/plugins/com.st.stm32cube.ide.mcu.externaltools.gnu-tools-for-stm32.13.3.rel1.win32_1.0.0.202411081344/tools/bin/../lib/gcc/arm-none-eabi/13.3.1/../../../../arm-none-eabi/lib/thumb/v7e-m+fp/hard\libc_nano.a(libc_a-findfp.o)
 .text.global_stdio_init.part.0
                0x0800d4b8       0x3c C:/ST/STM32CubeIDE_1.18.0/STM32CubeIDE/plugins/com.st.stm32cube.ide.mcu.externaltools.gnu-tools-for-stm32.13.3.rel1.win32_1.0.0.202411081344/tools/bin/../lib/gcc/arm-none-eabi/13.3.1/../../../../arm-none-eabi/lib/thumb/v7e-m+fp/hard\libc_nano.a(libc_a-findfp.o)
 .text.__sfp_lock_acquire
                0x0800d4f4        0xc C:/ST/STM32CubeIDE_1.18.0/STM32CubeIDE/plugins/com.st.stm32cube.ide.mcu.externaltools.gnu-tools-for-stm32.13.3.rel1.win32_1.0.0.202411081344/tools/bin/../lib/gcc/arm-none-eabi/13.3.1/../../../../arm-none-eabi/lib/thumb/v7e-m+fp/hard\libc_nano.a(libc_a-findfp.o)
                0x0800d4f4                __sfp_lock_acquire
 .text.__sfp_lock_release
                0x0800d500        0xc C:/ST/STM32CubeIDE_1.18.0/STM32CubeIDE/plugins/com.st.stm32cube.ide.mcu.externaltools.gnu-tools-for-stm32.13.3.rel1.win32_1.0.0.202411081344/tools/bin/../lib/gcc/arm-none-eabi/13.3.1/../../../../arm-none-eabi/lib/thumb/v7e-m+fp/hard\libc_nano.a(libc_a-findfp.o)
                0x0800d500                __sfp_lock_release
 .text.__sinit  0x0800d50c       0x30 C:/ST/STM32CubeIDE_1.18.0/STM32CubeIDE/plugins/com.st.stm32cube.ide.mcu.externaltools.gnu-tools-for-stm32.13.3.rel1.win32_1.0.0.202411081344/tools/bin/../lib/gcc/arm-none-eabi/13.3.1/../../../../arm-none-eabi/lib/thumb/v7e-m+fp/hard\libc_nano.a(libc_a-findfp.o)
                0x0800d50c                __sinit
 .text._fwalk_sglue
                0x0800d53c       0x3c C:/ST/STM32CubeIDE_1.18.0/STM32CubeIDE/plugins/com.st.stm32cube.ide.mcu.externaltools.gnu-tools-for-stm32.13.3.rel1.win32_1.0.0.202411081344/tools/bin/../lib/gcc/arm-none-eabi/13.3.1/../../../../arm-none-eabi/lib/thumb/v7e-m+fp/hard\libc_nano.a(libc_a-fwalk.o)
                0x0800d53c                _fwalk_sglue
 .text._puts_r  0x0800d578       0xaa C:/ST/STM32CubeIDE_1.18.0/STM32CubeIDE/plugins/com.st.stm32cube.ide.mcu.externaltools.gnu-tools-for-stm32.13.3.rel1.win32_1.0.0.202411081344/tools/bin/../lib/gcc/arm-none-eabi/13.3.1/../../../../arm-none-eabi/lib/thumb/v7e-m+fp/hard\libc_nano.a(libc_a-puts.o)
                0x0800d578                _puts_r
 *fill*         0x0800d622        0x2 
 .text.puts     0x0800d624       0x10 C:/ST/STM32CubeIDE_1.18.0/STM32CubeIDE/plugins/com.st.stm32cube.ide.mcu.externaltools.gnu-tools-for-stm32.13.3.rel1.win32_1.0.0.202411081344/tools/bin/../lib/gcc/arm-none-eabi/13.3.1/../../../../arm-none-eabi/lib/thumb/v7e-m+fp/hard\libc_nano.a(libc_a-puts.o)
                0x0800d624                puts
 .text.sprintf  0x0800d634       0x44 C:/ST/STM32CubeIDE_1.18.0/STM32CubeIDE/plugins/com.st.stm32cube.ide.mcu.externaltools.gnu-tools-for-stm32.13.3.rel1.win32_1.0.0.202411081344/tools/bin/../lib/gcc/arm-none-eabi/13.3.1/../../../../arm-none-eabi/lib/thumb/v7e-m+fp/hard\libc_nano.a(libc_a-sprintf.o)
                0x0800d634                siprintf
                0x0800d634                sprintf
 .text.__sread  0x0800d678       0x22 C:/ST/STM32CubeIDE_1.18.0/STM32CubeIDE/plugins/com.st.stm32cube.ide.mcu.externaltools.gnu-tools-for-stm32.13.3.rel1.win32_1.0.0.202411081344/tools/bin/../lib/gcc/arm-none-eabi/13.3.1/../../../../arm-none-eabi/lib/thumb/v7e-m+fp/hard\libc_nano.a(libc_a-stdio.o)
                0x0800d678                __sread
 .text.__swrite
                0x0800d69a       0x38 C:/ST/STM32CubeIDE_1.18.0/STM32CubeIDE/plugins/com.st.stm32cube.ide.mcu.externaltools.gnu-tools-for-stm32.13.3.rel1.win32_1.0.0.202411081344/tools/bin/../lib/gcc/arm-none-eabi/13.3.1/../../../../arm-none-eabi/lib/thumb/v7e-m+fp/hard\libc_nano.a(libc_a-stdio.o)
                0x0800d69a                __swrite
 .text.__sseek  0x0800d6d2       0x24 C:/ST/STM32CubeIDE_1.18.0/STM32CubeIDE/plugins/com.st.stm32cube.ide.mcu.externaltools.gnu-tools-for-stm32.13.3.rel1.win32_1.0.0.202411081344/tools/bin/../lib/gcc/arm-none-eabi/13.3.1/../../../../arm-none-eabi/lib/thumb/v7e-m+fp/hard\libc_nano.a(libc_a-stdio.o)
                0x0800d6d2                __sseek
 .text.__sclose
                0x0800d6f6        0x8 C:/ST/STM32CubeIDE_1.18.0/STM32CubeIDE/plugins/com.st.stm32cube.ide.mcu.externaltools.gnu-tools-for-stm32.13.3.rel1.win32_1.0.0.202411081344/tools/bin/../lib/gcc/arm-none-eabi/13.3.1/../../../../arm-none-eabi/lib/thumb/v7e-m+fp/hard\libc_nano.a(libc_a-stdio.o)
                0x0800d6f6                __sclose
 .text.__swbuf_r
                0x0800d6fe       0x7c C:/ST/STM32CubeIDE_1.18.0/STM32CubeIDE/plugins/com.st.stm32cube.ide.mcu.externaltools.gnu-tools-for-stm32.13.3.rel1.win32_1.0.0.202411081344/tools/bin/../lib/gcc/arm-none-eabi/13.3.1/../../../../arm-none-eabi/lib/thumb/v7e-m+fp/hard\libc_nano.a(libc_a-wbuf.o)
                0x0800d6fe                __swbuf_r
 *fill*         0x0800d77a        0x2 
 .text.__swsetup_r
                0x0800d77c       0xac C:/ST/STM32CubeIDE_1.18.0/STM32CubeIDE/plugins/com.st.stm32cube.ide.mcu.externaltools.gnu-tools-for-stm32.13.3.rel1.win32_1.0.0.202411081344/tools/bin/../lib/gcc/arm-none-eabi/13.3.1/../../../../arm-none-eabi/lib/thumb/v7e-m+fp/hard\libc_nano.a(libc_a-wsetup.o)
                0x0800d77c                __swsetup_r
 .text.memset   0x0800d828       0x10 C:/ST/STM32CubeIDE_1.18.0/STM32CubeIDE/plugins/com.st.stm32cube.ide.mcu.externaltools.gnu-tools-for-stm32.13.3.rel1.win32_1.0.0.202411081344/tools/bin/../lib/gcc/arm-none-eabi/13.3.1/../../../../arm-none-eabi/lib/thumb/v7e-m+fp/hard\libc_nano.a(libc_a-memset.o)
                0x0800d828                memset
 .text._localeconv_r
                0x0800d838        0x8 C:/ST/STM32CubeIDE_1.18.0/STM32CubeIDE/plugins/com.st.stm32cube.ide.mcu.externaltools.gnu-tools-for-stm32.13.3.rel1.win32_1.0.0.202411081344/tools/bin/../lib/gcc/arm-none-eabi/13.3.1/../../../../arm-none-eabi/lib/thumb/v7e-m+fp/hard\libc_nano.a(libc_a-localeconv.o)
                0x0800d838                _localeconv_r
 .text._close_r
                0x0800d840       0x20 C:/ST/STM32CubeIDE_1.18.0/STM32CubeIDE/plugins/com.st.stm32cube.ide.mcu.externaltools.gnu-tools-for-stm32.13.3.rel1.win32_1.0.0.202411081344/tools/bin/../lib/gcc/arm-none-eabi/13.3.1/../../../../arm-none-eabi/lib/thumb/v7e-m+fp/hard\libc_nano.a(libc_a-closer.o)
                0x0800d840                _close_r
 .text._lseek_r
                0x0800d860       0x24 C:/ST/STM32CubeIDE_1.18.0/STM32CubeIDE/plugins/com.st.stm32cube.ide.mcu.externaltools.gnu-tools-for-stm32.13.3.rel1.win32_1.0.0.202411081344/tools/bin/../lib/gcc/arm-none-eabi/13.3.1/../../../../arm-none-eabi/lib/thumb/v7e-m+fp/hard\libc_nano.a(libc_a-lseekr.o)
                0x0800d860                _lseek_r
 .text._read_r  0x0800d884       0x24 C:/ST/STM32CubeIDE_1.18.0/STM32CubeIDE/plugins/com.st.stm32cube.ide.mcu.externaltools.gnu-tools-for-stm32.13.3.rel1.win32_1.0.0.202411081344/tools/bin/../lib/gcc/arm-none-eabi/13.3.1/../../../../arm-none-eabi/lib/thumb/v7e-m+fp/hard\libc_nano.a(libc_a-readr.o)
                0x0800d884                _read_r
 .text._sbrk_r  0x0800d8a8       0x20 C:/ST/STM32CubeIDE_1.18.0/STM32CubeIDE/plugins/com.st.stm32cube.ide.mcu.externaltools.gnu-tools-for-stm32.13.3.rel1.win32_1.0.0.202411081344/tools/bin/../lib/gcc/arm-none-eabi/13.3.1/../../../../arm-none-eabi/lib/thumb/v7e-m+fp/hard\libc_nano.a(libc_a-sbrkr.o)
                0x0800d8a8                _sbrk_r
 .text._write_r
                0x0800d8c8       0x24 C:/ST/STM32CubeIDE_1.18.0/STM32CubeIDE/plugins/com.st.stm32cube.ide.mcu.externaltools.gnu-tools-for-stm32.13.3.rel1.win32_1.0.0.202411081344/tools/bin/../lib/gcc/arm-none-eabi/13.3.1/../../../../arm-none-eabi/lib/thumb/v7e-m+fp/hard\libc_nano.a(libc_a-writer.o)
                0x0800d8c8                _write_r
 .text.__errno  0x0800d8ec        0xc C:/ST/STM32CubeIDE_1.18.0/STM32CubeIDE/plugins/com.st.stm32cube.ide.mcu.externaltools.gnu-tools-for-stm32.13.3.rel1.win32_1.0.0.202411081344/tools/bin/../lib/gcc/arm-none-eabi/13.3.1/../../../../arm-none-eabi/lib/thumb/v7e-m+fp/hard\libc_nano.a(libc_a-errno.o)
                0x0800d8ec                __errno
 .text.__libc_init_array
                0x0800d8f8       0x48 C:/ST/STM32CubeIDE_1.18.0/STM32CubeIDE/plugins/com.st.stm32cube.ide.mcu.externaltools.gnu-tools-for-stm32.13.3.rel1.win32_1.0.0.202411081344/tools/bin/../lib/gcc/arm-none-eabi/13.3.1/../../../../arm-none-eabi/lib/thumb/v7e-m+fp/hard\libc_nano.a(libc_a-init.o)
                0x0800d8f8                __libc_init_array
 .text.__retarget_lock_init_recursive
                0x0800d940        0x2 C:/ST/STM32CubeIDE_1.18.0/STM32CubeIDE/plugins/com.st.stm32cube.ide.mcu.externaltools.gnu-tools-for-stm32.13.3.rel1.win32_1.0.0.202411081344/tools/bin/../lib/gcc/arm-none-eabi/13.3.1/../../../../arm-none-eabi/lib/thumb/v7e-m+fp/hard\libc_nano.a(libc_a-lock.o)
                0x0800d940                __retarget_lock_init_recursive
 .text.__retarget_lock_acquire_recursive
                0x0800d942        0x2 C:/ST/STM32CubeIDE_1.18.0/STM32CubeIDE/plugins/com.st.stm32cube.ide.mcu.externaltools.gnu-tools-for-stm32.13.3.rel1.win32_1.0.0.202411081344/tools/bin/../lib/gcc/arm-none-eabi/13.3.1/../../../../arm-none-eabi/lib/thumb/v7e-m+fp/hard\libc_nano.a(libc_a-lock.o)
                0x0800d942                __retarget_lock_acquire_recursive
 .text.__retarget_lock_release_recursive
                0x0800d944        0x2 C:/ST/STM32CubeIDE_1.18.0/STM32CubeIDE/plugins/com.st.stm32cube.ide.mcu.externaltools.gnu-tools-for-stm32.13.3.rel1.win32_1.0.0.202411081344/tools/bin/../lib/gcc/arm-none-eabi/13.3.1/../../../../arm-none-eabi/lib/thumb/v7e-m+fp/hard\libc_nano.a(libc_a-lock.o)
                0x0800d944                __retarget_lock_release_recursive
 .text.memcpy   0x0800d946       0x1c C:/ST/STM32CubeIDE_1.18.0/STM32CubeIDE/plugins/com.st.stm32cube.ide.mcu.externaltools.gnu-tools-for-stm32.13.3.rel1.win32_1.0.0.202411081344/tools/bin/../lib/gcc/arm-none-eabi/13.3.1/../../../../arm-none-eabi/lib/thumb/v7e-m+fp/hard\libc_nano.a(libc_a-memcpy-stub.o)
                0x0800d946                memcpy
 .text.quorem   0x0800d962      0x110 C:/ST/STM32CubeIDE_1.18.0/STM32CubeIDE/plugins/com.st.stm32cube.ide.mcu.externaltools.gnu-tools-for-stm32.13.3.rel1.win32_1.0.0.202411081344/tools/bin/../lib/gcc/arm-none-eabi/13.3.1/../../../../arm-none-eabi/lib/thumb/v7e-m+fp/hard\libc_nano.a(libc_a-dtoa.o)
 *fill*         0x0800da72        0x6 
 .text._dtoa_r  0x0800da78      0xba0 C:/ST/STM32CubeIDE_1.18.0/STM32CubeIDE/plugins/com.st.stm32cube.ide.mcu.externaltools.gnu-tools-for-stm32.13.3.rel1.win32_1.0.0.202411081344/tools/bin/../lib/gcc/arm-none-eabi/13.3.1/../../../../arm-none-eabi/lib/thumb/v7e-m+fp/hard\libc_nano.a(libc_a-dtoa.o)
                0x0800da78                _dtoa_r
 .text._free_r  0x0800e618       0x94 C:/ST/STM32CubeIDE_1.18.0/STM32CubeIDE/plugins/com.st.stm32cube.ide.mcu.externaltools.gnu-tools-for-stm32.13.3.rel1.win32_1.0.0.202411081344/tools/bin/../lib/gcc/arm-none-eabi/13.3.1/../../../../arm-none-eabi/lib/thumb/v7e-m+fp/hard\libc_nano.a(libc_a-freer.o)
                0x0800e618                _free_r
 .text._Balloc  0x0800e6ac       0x80 C:/ST/STM32CubeIDE_1.18.0/STM32CubeIDE/plugins/com.st.stm32cube.ide.mcu.externaltools.gnu-tools-for-stm32.13.3.rel1.win32_1.0.0.202411081344/tools/bin/../lib/gcc/arm-none-eabi/13.3.1/../../../../arm-none-eabi/lib/thumb/v7e-m+fp/hard\libc_nano.a(libc_a-mprec.o)
                0x0800e6ac                _Balloc
 .text._Bfree   0x0800e72c       0x44 C:/ST/STM32CubeIDE_1.18.0/STM32CubeIDE/plugins/com.st.stm32cube.ide.mcu.externaltools.gnu-tools-for-stm32.13.3.rel1.win32_1.0.0.202411081344/tools/bin/../lib/gcc/arm-none-eabi/13.3.1/../../../../arm-none-eabi/lib/thumb/v7e-m+fp/hard\libc_nano.a(libc_a-mprec.o)
                0x0800e72c                _Bfree
 .text.__multadd
                0x0800e770       0x8c C:/ST/STM32CubeIDE_1.18.0/STM32CubeIDE/plugins/com.st.stm32cube.ide.mcu.externaltools.gnu-tools-for-stm32.13.3.rel1.win32_1.0.0.202411081344/tools/bin/../lib/gcc/arm-none-eabi/13.3.1/../../../../arm-none-eabi/lib/thumb/v7e-m+fp/hard\libc_nano.a(libc_a-mprec.o)
                0x0800e770                __multadd
 .text.__hi0bits
                0x0800e7fc       0x3e C:/ST/STM32CubeIDE_1.18.0/STM32CubeIDE/plugins/com.st.stm32cube.ide.mcu.externaltools.gnu-tools-for-stm32.13.3.rel1.win32_1.0.0.202411081344/tools/bin/../lib/gcc/arm-none-eabi/13.3.1/../../../../arm-none-eabi/lib/thumb/v7e-m+fp/hard\libc_nano.a(libc_a-mprec.o)
                0x0800e7fc                __hi0bits
 .text.__lo0bits
                0x0800e83a       0x5a C:/ST/STM32CubeIDE_1.18.0/STM32CubeIDE/plugins/com.st.stm32cube.ide.mcu.externaltools.gnu-tools-for-stm32.13.3.rel1.win32_1.0.0.202411081344/tools/bin/../lib/gcc/arm-none-eabi/13.3.1/../../../../arm-none-eabi/lib/thumb/v7e-m+fp/hard\libc_nano.a(libc_a-mprec.o)
                0x0800e83a                __lo0bits
 .text.__i2b    0x0800e894       0x2c C:/ST/STM32CubeIDE_1.18.0/STM32CubeIDE/plugins/com.st.stm32cube.ide.mcu.externaltools.gnu-tools-for-stm32.13.3.rel1.win32_1.0.0.202411081344/tools/bin/../lib/gcc/arm-none-eabi/13.3.1/../../../../arm-none-eabi/lib/thumb/v7e-m+fp/hard\libc_nano.a(libc_a-mprec.o)
                0x0800e894                __i2b
 .text.__multiply
                0x0800e8c0      0x144 C:/ST/STM32CubeIDE_1.18.0/STM32CubeIDE/plugins/com.st.stm32cube.ide.mcu.externaltools.gnu-tools-for-stm32.13.3.rel1.win32_1.0.0.202411081344/tools/bin/../lib/gcc/arm-none-eabi/13.3.1/../../../../arm-none-eabi/lib/thumb/v7e-m+fp/hard\libc_nano.a(libc_a-mprec.o)
                0x0800e8c0                __multiply
 .text.__pow5mult
                0x0800ea04       0xb4 C:/ST/STM32CubeIDE_1.18.0/STM32CubeIDE/plugins/com.st.stm32cube.ide.mcu.externaltools.gnu-tools-for-stm32.13.3.rel1.win32_1.0.0.202411081344/tools/bin/../lib/gcc/arm-none-eabi/13.3.1/../../../../arm-none-eabi/lib/thumb/v7e-m+fp/hard\libc_nano.a(libc_a-mprec.o)
                0x0800ea04                __pow5mult
 .text.__lshift
                0x0800eab8       0xd8 C:/ST/STM32CubeIDE_1.18.0/STM32CubeIDE/plugins/com.st.stm32cube.ide.mcu.externaltools.gnu-tools-for-stm32.13.3.rel1.win32_1.0.0.202411081344/tools/bin/../lib/gcc/arm-none-eabi/13.3.1/../../../../arm-none-eabi/lib/thumb/v7e-m+fp/hard\libc_nano.a(libc_a-mprec.o)
                0x0800eab8                __lshift
 .text.__mcmp   0x0800eb90       0x36 C:/ST/STM32CubeIDE_1.18.0/STM32CubeIDE/plugins/com.st.stm32cube.ide.mcu.externaltools.gnu-tools-for-stm32.13.3.rel1.win32_1.0.0.202411081344/tools/bin/../lib/gcc/arm-none-eabi/13.3.1/../../../../arm-none-eabi/lib/thumb/v7e-m+fp/hard\libc_nano.a(libc_a-mprec.o)
                0x0800eb90                __mcmp
 *fill*         0x0800ebc6        0x2 
 .text.__mdiff  0x0800ebc8      0x128 C:/ST/STM32CubeIDE_1.18.0/STM32CubeIDE/plugins/com.st.stm32cube.ide.mcu.externaltools.gnu-tools-for-stm32.13.3.rel1.win32_1.0.0.202411081344/tools/bin/../lib/gcc/arm-none-eabi/13.3.1/../../../../arm-none-eabi/lib/thumb/v7e-m+fp/hard\libc_nano.a(libc_a-mprec.o)
                0x0800ebc8                __mdiff
 .text.__d2b    0x0800ecf0       0xb0 C:/ST/STM32CubeIDE_1.18.0/STM32CubeIDE/plugins/com.st.stm32cube.ide.mcu.externaltools.gnu-tools-for-stm32.13.3.rel1.win32_1.0.0.202411081344/tools/bin/../lib/gcc/arm-none-eabi/13.3.1/../../../../arm-none-eabi/lib/thumb/v7e-m+fp/hard\libc_nano.a(libc_a-mprec.o)
                0x0800ecf0                __d2b
 .text._malloc_usable_size_r
                0x0800eda0       0x10 C:/ST/STM32CubeIDE_1.18.0/STM32CubeIDE/plugins/com.st.stm32cube.ide.mcu.externaltools.gnu-tools-for-stm32.13.3.rel1.win32_1.0.0.202411081344/tools/bin/../lib/gcc/arm-none-eabi/13.3.1/../../../../arm-none-eabi/lib/thumb/v7e-m+fp/hard\libc_nano.a(libc_a-msizer.o)
                0x0800eda0                _malloc_usable_size_r
 .text.__ssputs_r
                0x0800edb0       0xb6 C:/ST/STM32CubeIDE_1.18.0/STM32CubeIDE/plugins/com.st.stm32cube.ide.mcu.externaltools.gnu-tools-for-stm32.13.3.rel1.win32_1.0.0.202411081344/tools/bin/../lib/gcc/arm-none-eabi/13.3.1/../../../../arm-none-eabi/lib/thumb/v7e-m+fp/hard\libc_nano.a(libc_a-nano-svfprintf.o)
                0x0800edb0                __ssputs_r
 *fill*         0x0800ee66        0x2 
 .text._svfprintf_r
                0x0800ee68      0x1f8 C:/ST/STM32CubeIDE_1.18.0/STM32CubeIDE/plugins/com.st.stm32cube.ide.mcu.externaltools.gnu-tools-for-stm32.13.3.rel1.win32_1.0.0.202411081344/tools/bin/../lib/gcc/arm-none-eabi/13.3.1/../../../../arm-none-eabi/lib/thumb/v7e-m+fp/hard\libc_nano.a(libc_a-nano-svfprintf.o)
                0x0800ee68                _svfiprintf_r
                0x0800ee68                _svfprintf_r
 .text.__sflush_r
                0x0800f060      0x108 C:/ST/STM32CubeIDE_1.18.0/STM32CubeIDE/plugins/com.st.stm32cube.ide.mcu.externaltools.gnu-tools-for-stm32.13.3.rel1.win32_1.0.0.202411081344/tools/bin/../lib/gcc/arm-none-eabi/13.3.1/../../../../arm-none-eabi/lib/thumb/v7e-m+fp/hard\libc_nano.a(libc_a-fflush.o)
                0x0800f060                __sflush_r
 .text._fflush_r
                0x0800f168       0x50 C:/ST/STM32CubeIDE_1.18.0/STM32CubeIDE/plugins/com.st.stm32cube.ide.mcu.externaltools.gnu-tools-for-stm32.13.3.rel1.win32_1.0.0.202411081344/tools/bin/../lib/gcc/arm-none-eabi/13.3.1/../../../../arm-none-eabi/lib/thumb/v7e-m+fp/hard\libc_nano.a(libc_a-fflush.o)
                0x0800f168                _fflush_r
 .text.__swhatbuf_r
                0x0800f1b8       0x4c C:/ST/STM32CubeIDE_1.18.0/STM32CubeIDE/plugins/com.st.stm32cube.ide.mcu.externaltools.gnu-tools-for-stm32.13.3.rel1.win32_1.0.0.202411081344/tools/bin/../lib/gcc/arm-none-eabi/13.3.1/../../../../arm-none-eabi/lib/thumb/v7e-m+fp/hard\libc_nano.a(libc_a-makebuf.o)
                0x0800f1b8                __swhatbuf_r
 .text.__smakebuf_r
                0x0800f204       0x78 C:/ST/STM32CubeIDE_1.18.0/STM32CubeIDE/plugins/com.st.stm32cube.ide.mcu.externaltools.gnu-tools-for-stm32.13.3.rel1.win32_1.0.0.202411081344/tools/bin/../lib/gcc/arm-none-eabi/13.3.1/../../../../arm-none-eabi/lib/thumb/v7e-m+fp/hard\libc_nano.a(libc_a-makebuf.o)
                0x0800f204                __smakebuf_r
 .text.memmove  0x0800f27c       0x34 C:/ST/STM32CubeIDE_1.18.0/STM32CubeIDE/plugins/com.st.stm32cube.ide.mcu.externaltools.gnu-tools-for-stm32.13.3.rel1.win32_1.0.0.202411081344/tools/bin/../lib/gcc/arm-none-eabi/13.3.1/../../../../arm-none-eabi/lib/thumb/v7e-m+fp/hard\libc_nano.a(libc_a-memmove.o)
                0x0800f27c                memmove
 .text._fstat_r
                0x0800f2b0       0x24 C:/ST/STM32CubeIDE_1.18.0/STM32CubeIDE/plugins/com.st.stm32cube.ide.mcu.externaltools.gnu-tools-for-stm32.13.3.rel1.win32_1.0.0.202411081344/tools/bin/../lib/gcc/arm-none-eabi/13.3.1/../../../../arm-none-eabi/lib/thumb/v7e-m+fp/hard\libc_nano.a(libc_a-fstatr.o)
                0x0800f2b0                _fstat_r
 .text._isatty_r
                0x0800f2d4       0x20 C:/ST/STM32CubeIDE_1.18.0/STM32CubeIDE/plugins/com.st.stm32cube.ide.mcu.externaltools.gnu-tools-for-stm32.13.3.rel1.win32_1.0.0.202411081344/tools/bin/../lib/gcc/arm-none-eabi/13.3.1/../../../../arm-none-eabi/lib/thumb/v7e-m+fp/hard\libc_nano.a(libc_a-isattyr.o)
                0x0800f2d4                _isatty_r
 .text.__assert_func
                0x0800f2f4       0x3c C:/ST/STM32CubeIDE_1.18.0/STM32CubeIDE/plugins/com.st.stm32cube.ide.mcu.externaltools.gnu-tools-for-stm32.13.3.rel1.win32_1.0.0.202411081344/tools/bin/../lib/gcc/arm-none-eabi/13.3.1/../../../../arm-none-eabi/lib/thumb/v7e-m+fp/hard\libc_nano.a(libc_a-assert.o)
                0x0800f2f4                __assert_func
 .text._calloc_r
                0x0800f330       0x28 C:/ST/STM32CubeIDE_1.18.0/STM32CubeIDE/plugins/com.st.stm32cube.ide.mcu.externaltools.gnu-tools-for-stm32.13.3.rel1.win32_1.0.0.202411081344/tools/bin/../lib/gcc/arm-none-eabi/13.3.1/../../../../arm-none-eabi/lib/thumb/v7e-m+fp/hard\libc_nano.a(libc_a-callocr.o)
                0x0800f330                _calloc_r
 .text.__ascii_mbtowc
                0x0800f358       0x24 C:/ST/STM32CubeIDE_1.18.0/STM32CubeIDE/plugins/com.st.stm32cube.ide.mcu.externaltools.gnu-tools-for-stm32.13.3.rel1.win32_1.0.0.202411081344/tools/bin/../lib/gcc/arm-none-eabi/13.3.1/../../../../arm-none-eabi/lib/thumb/v7e-m+fp/hard\libc_nano.a(libc_a-mbtowc_r.o)
                0x0800f358                __ascii_mbtowc
 .text.__ascii_wctomb
                0x0800f37c       0x1a C:/ST/STM32CubeIDE_1.18.0/STM32CubeIDE/plugins/com.st.stm32cube.ide.mcu.externaltools.gnu-tools-for-stm32.13.3.rel1.win32_1.0.0.202411081344/tools/bin/../lib/gcc/arm-none-eabi/13.3.1/../../../../arm-none-eabi/lib/thumb/v7e-m+fp/hard\libc_nano.a(libc_a-wctomb_r.o)
                0x0800f37c                __ascii_wctomb
 *fill*         0x0800f396        0x2 
 .text.fprintf  0x0800f398       0x24 C:/ST/STM32CubeIDE_1.18.0/STM32CubeIDE/plugins/com.st.stm32cube.ide.mcu.externaltools.gnu-tools-for-stm32.13.3.rel1.win32_1.0.0.202411081344/tools/bin/../lib/gcc/arm-none-eabi/13.3.1/../../../../arm-none-eabi/lib/thumb/v7e-m+fp/hard\libc_nano.a(libc_a-fprintf.o)
                0x0800f398                fiprintf
                0x0800f398                fprintf
 .text.abort    0x0800f3bc        0xe C:/ST/STM32CubeIDE_1.18.0/STM32CubeIDE/plugins/com.st.stm32cube.ide.mcu.externaltools.gnu-tools-for-stm32.13.3.rel1.win32_1.0.0.202411081344/tools/bin/../lib/gcc/arm-none-eabi/13.3.1/../../../../arm-none-eabi/lib/thumb/v7e-m+fp/hard\libc_nano.a(libc_a-abort.o)
                0x0800f3bc                abort
 .text.__sfputc_r
                0x0800f3ca       0x2e C:/ST/STM32CubeIDE_1.18.0/STM32CubeIDE/plugins/com.st.stm32cube.ide.mcu.externaltools.gnu-tools-for-stm32.13.3.rel1.win32_1.0.0.202411081344/tools/bin/../lib/gcc/arm-none-eabi/13.3.1/../../../../arm-none-eabi/lib/thumb/v7e-m+fp/hard\libc_nano.a(libc_a-nano-vfprintf.o)
 .text.__sfputs_r
                0x0800f3f8       0x24 C:/ST/STM32CubeIDE_1.18.0/STM32CubeIDE/plugins/com.st.stm32cube.ide.mcu.externaltools.gnu-tools-for-stm32.13.3.rel1.win32_1.0.0.202411081344/tools/bin/../lib/gcc/arm-none-eabi/13.3.1/../../../../arm-none-eabi/lib/thumb/v7e-m+fp/hard\libc_nano.a(libc_a-nano-vfprintf.o)
                0x0800f3f8                __sfputs_r
 .text._vfprintf_r
                0x0800f41c      0x230 C:/ST/STM32CubeIDE_1.18.0/STM32CubeIDE/plugins/com.st.stm32cube.ide.mcu.externaltools.gnu-tools-for-stm32.13.3.rel1.win32_1.0.0.202411081344/tools/bin/../lib/gcc/arm-none-eabi/13.3.1/../../../../arm-none-eabi/lib/thumb/v7e-m+fp/hard\libc_nano.a(libc_a-nano-vfprintf.o)
                0x0800f41c                _vfprintf_r
                0x0800f41c                _vfiprintf_r
 .text._raise_r
                0x0800f64c       0x50 C:/ST/STM32CubeIDE_1.18.0/STM32CubeIDE/plugins/com.st.stm32cube.ide.mcu.externaltools.gnu-tools-for-stm32.13.3.rel1.win32_1.0.0.202411081344/tools/bin/../lib/gcc/arm-none-eabi/13.3.1/../../../../arm-none-eabi/lib/thumb/v7e-m+fp/hard\libc_nano.a(libc_a-signal.o)
                0x0800f64c                _raise_r
 .text.raise    0x0800f69c       0x10 C:/ST/STM32CubeIDE_1.18.0/STM32CubeIDE/plugins/com.st.stm32cube.ide.mcu.externaltools.gnu-tools-for-stm32.13.3.rel1.win32_1.0.0.202411081344/tools/bin/../lib/gcc/arm-none-eabi/13.3.1/../../../../arm-none-eabi/lib/thumb/v7e-m+fp/hard\libc_nano.a(libc_a-signal.o)
                0x0800f69c                raise
 .text._kill_r  0x0800f6ac       0x24 C:/ST/STM32CubeIDE_1.18.0/STM32CubeIDE/plugins/com.st.stm32cube.ide.mcu.externaltools.gnu-tools-for-stm32.13.3.rel1.win32_1.0.0.202411081344/tools/bin/../lib/gcc/arm-none-eabi/13.3.1/../../../../arm-none-eabi/lib/thumb/v7e-m+fp/hard\libc_nano.a(libc_a-signalr.o)
                0x0800f6ac                _kill_r
 .text._getpid_r
                0x0800f6d0        0x4 C:/ST/STM32CubeIDE_1.18.0/STM32CubeIDE/plugins/com.st.stm32cube.ide.mcu.externaltools.gnu-tools-for-stm32.13.3.rel1.win32_1.0.0.202411081344/tools/bin/../lib/gcc/arm-none-eabi/13.3.1/../../../../arm-none-eabi/lib/thumb/v7e-m+fp/hard\libc_nano.a(libc_a-signalr.o)
                0x0800f6d0                _getpid_r
 .text.expf     0x0800f6d4       0x6c C:/ST/STM32CubeIDE_1.18.0/STM32CubeIDE/plugins/com.st.stm32cube.ide.mcu.externaltools.gnu-tools-for-stm32.13.3.rel1.win32_1.0.0.202411081344/tools/bin/../lib/gcc/arm-none-eabi/13.3.1/../../../../arm-none-eabi/lib/thumb/v7e-m+fp/hard\libm.a(libm_a-wf_exp.o)
                0x0800f6d4                expf
 .text.finitef  0x0800f740       0x14 C:/ST/STM32CubeIDE_1.18.0/STM32CubeIDE/plugins/com.st.stm32cube.ide.mcu.externaltools.gnu-tools-for-stm32.13.3.rel1.win32_1.0.0.202411081344/tools/bin/../lib/gcc/arm-none-eabi/13.3.1/../../../../arm-none-eabi/lib/thumb/v7e-m+fp/hard\libm.a(libm_a-sf_finite.o)
                0x0800f740                finitef
 .text.with_errnof
                0x0800f754       0x1c C:/ST/STM32CubeIDE_1.18.0/STM32CubeIDE/plugins/com.st.stm32cube.ide.mcu.externaltools.gnu-tools-for-stm32.13.3.rel1.win32_1.0.0.202411081344/tools/bin/../lib/gcc/arm-none-eabi/13.3.1/../../../../arm-none-eabi/lib/thumb/v7e-m+fp/hard\libm.a(libm_a-math_errf.o)
 .text.xflowf   0x0800f770       0x16 C:/ST/STM32CubeIDE_1.18.0/STM32CubeIDE/plugins/com.st.stm32cube.ide.mcu.externaltools.gnu-tools-for-stm32.13.3.rel1.win32_1.0.0.202411081344/tools/bin/../lib/gcc/arm-none-eabi/13.3.1/../../../../arm-none-eabi/lib/thumb/v7e-m+fp/hard\libm.a(libm_a-math_errf.o)
 *fill*         0x0800f786        0x2 
 .text.__math_uflowf
                0x0800f788        0xc C:/ST/STM32CubeIDE_1.18.0/STM32CubeIDE/plugins/com.st.stm32cube.ide.mcu.externaltools.gnu-tools-for-stm32.13.3.rel1.win32_1.0.0.202411081344/tools/bin/../lib/gcc/arm-none-eabi/13.3.1/../../../../arm-none-eabi/lib/thumb/v7e-m+fp/hard\libm.a(libm_a-math_errf.o)
                0x0800f788                __math_uflowf
 .text.__math_oflowf
                0x0800f794        0xc C:/ST/STM32CubeIDE_1.18.0/STM32CubeIDE/plugins/com.st.stm32cube.ide.mcu.externaltools.gnu-tools-for-stm32.13.3.rel1.win32_1.0.0.202411081344/tools/bin/../lib/gcc/arm-none-eabi/13.3.1/../../../../arm-none-eabi/lib/thumb/v7e-m+fp/hard\libm.a(libm_a-math_errf.o)
                0x0800f794                __math_oflowf
 .text.__ieee754_expf
                0x0800f7a0      0x19c C:/ST/STM32CubeIDE_1.18.0/STM32CubeIDE/plugins/com.st.stm32cube.ide.mcu.externaltools.gnu-tools-for-stm32.13.3.rel1.win32_1.0.0.202411081344/tools/bin/../lib/gcc/arm-none-eabi/13.3.1/../../../../arm-none-eabi/lib/thumb/v7e-m+fp/hard\libm.a(libm_a-ef_exp.o)
                0x0800f7a0                __ieee754_expf
 .text._exit    0x0800f93c        0x2 C:/ST/STM32CubeIDE_1.18.0/STM32CubeIDE/plugins/com.st.stm32cube.ide.mcu.externaltools.gnu-tools-for-stm32.13.3.rel1.win32_1.0.0.202411081344/tools/bin/../lib/gcc/arm-none-eabi/13.3.1/../../../../arm-none-eabi/lib/thumb/v7e-m+fp/hard\libnosys.a(_exit.o)
                0x0800f93c                _exit
 *(.glue_7)
 .glue_7        0x0800f93e        0x0 linker stubs
 *(.glue_7t)
 .glue_7t       0x0800f93e        0x0 linker stubs
 *(.eh_frame)
 *fill*         0x0800f93e        0x2 
 .eh_frame      0x0800f940        0x0 C:/ST/STM32CubeIDE_1.18.0/STM32CubeIDE/plugins/com.st.stm32cube.ide.mcu.externaltools.gnu-tools-for-stm32.13.3.rel1.win32_1.0.0.202411081344/tools/bin/../lib/gcc/arm-none-eabi/13.3.1/thumb/v7e-m+fp/hard/crtbegin.o
 *(.init)
 .init          0x0800f940        0x4 C:/ST/STM32CubeIDE_1.18.0/STM32CubeIDE/plugins/com.st.stm32cube.ide.mcu.externaltools.gnu-tools-for-stm32.13.3.rel1.win32_1.0.0.202411081344/tools/bin/../lib/gcc/arm-none-eabi/13.3.1/thumb/v7e-m+fp/hard/crti.o
                0x0800f940                _init
 .init          0x0800f944        0x8 C:/ST/STM32CubeIDE_1.18.0/STM32CubeIDE/plugins/com.st.stm32cube.ide.mcu.externaltools.gnu-tools-for-stm32.13.3.rel1.win32_1.0.0.202411081344/tools/bin/../lib/gcc/arm-none-eabi/13.3.1/thumb/v7e-m+fp/hard/crtn.o
 *(.fini)
 .fini          0x0800f94c        0x4 C:/ST/STM32CubeIDE_1.18.0/STM32CubeIDE/plugins/com.st.stm32cube.ide.mcu.externaltools.gnu-tools-for-stm32.13.3.rel1.win32_1.0.0.202411081344/tools/bin/../lib/gcc/arm-none-eabi/13.3.1/thumb/v7e-m+fp/hard/crti.o
                0x0800f94c                _fini
 .fini          0x0800f950        0x8 C:/ST/STM32CubeIDE_1.18.0/STM32CubeIDE/plugins/com.st.stm32cube.ide.mcu.externaltools.gnu-tools-for-stm32.13.3.rel1.win32_1.0.0.202411081344/tools/bin/../lib/gcc/arm-none-eabi/13.3.1/thumb/v7e-m+fp/hard/crtn.o
                0x0800f958                        . = ALIGN (0x4)
                0x0800f958                        _etext = .

.vfp11_veneer   0x0800f958        0x0
 .vfp11_veneer  0x0800f958        0x0 linker stubs

.v4_bx          0x0800f958        0x0
 .v4_bx         0x0800f958        0x0 linker stubs

.iplt           0x0800f958        0x0
 .iplt          0x0800f958        0x0 C:/ST/STM32CubeIDE_1.18.0/STM32CubeIDE/plugins/com.st.stm32cube.ide.mcu.externaltools.gnu-tools-for-stm32.13.3.rel1.win32_1.0.0.202411081344/tools/bin/../lib/gcc/arm-none-eabi/13.3.1/thumb/v7e-m+fp/hard/crtbegin.o

.rodata         0x0800f960    0x11c64
                0x0800f960                        . = ALIGN (0x4)
 *(.rodata)
 .rodata        0x0800f960      0x124 ./Core/Src/main.o
 .rodata        0x0800fa84       0x61 ./X-CUBE-AI/App/network.o
 *fill*         0x0800fae5        0x3 
 .rodata        0x0800fae8       0x30 ./X-CUBE-AI/App/network_data.o
 .rodata        0x0800fb18       0x10 ../Middlewares/ST/AI/Lib\NetworkRuntime1000_CM4_GCC.a(ai_platform_interface.o)
 *(.rodata*)
 .rodata.Font24_Table
                0x0800fb28     0x1ab8 ./BSP/Src/stm32f429i_discovery_lcd.o
                0x0800fb28                Font24_Table
 .rodata.Font20_Table
                0x080115e0      0xed8 ./BSP/Src/stm32f429i_discovery_lcd.o
                0x080115e0                Font20_Table
 .rodata.Font16_Table
                0x080124b8      0xbe0 ./BSP/Src/stm32f429i_discovery_lcd.o
                0x080124b8                Font16_Table
 .rodata.AHBPrescTable
                0x08013098       0x10 ./Core/Src/system_stm32f4xx.o
                0x08013098                AHBPrescTable
 .rodata.APBPrescTable
                0x080130a8        0x8 ./Core/Src/system_stm32f4xx.o
                0x080130a8                APBPrescTable
 .rodata.flagBitshiftOffset.0
                0x080130b0        0x8 ./Drivers/STM32F4xx_HAL_Driver/Src/stm32f4xx_hal_dma.o
 .rodata.nl_7_chain
                0x080130b8        0x8 ./X-CUBE-AI/App/network.o
 .rodata.gemm_6_chain