../Core/Src/main.c:128:13:AI_Init	72	static
../Core/Src/main.c:158:13:Touchscreen_Init	16	static
../Core/Src/main.c:168:13:LCD_Init	8	static
../Core/Src/main.c:217:13:Clear_Canvas	8	static
../Core/Src/main.c:241:13:Draw_Line	72	static
../Core/Src/main.c:286:13:Process_Touch	24	static
../Core/Src/main.c:345:13:Resize_Canvas	56	static
../Core/Src/main.c:409:13:Prepare_Model_Input	24	static
../Core/Src/main.c:423:6:Recognize_Digit	176	static
../Core/Src/main.c:547:5:main	8	static
../Core/Src/main.c:616:6:SystemClock_Config	88	static
../Core/Src/main.c:670:13:MX_CRC_Init	8	static
../Core/Src/main.c:696:13:MX_DMA2D_Init	8	static
../Core/Src/main.c:733:13:MX_I2C3_Init	8	static
../Core/Src/main.c:781:13:MX_LTDC_Init	112	static
../Core/Src/main.c:863:13:MX_SPI5_Init	8	static
../Core/Src/main.c:901:13:MX_USART1_UART_Init	8	static
../Core/Src/main.c:930:13:MX_FMC_Init	40	static
../Core/Src/main.c:981:13:MX_GPIO_Init	40	static
../Core/Src/main.c:1014:6:HAL_TIM_PeriodElapsedCallback	16	static
../Core/Src/main.c:1032:6:Error_Handler	4	static,ignoring_inline_asm
