../Core/Src/stm32f4xx_hal_msp.c:63:6:HAL_MspInit	16	static
../Core/Src/stm32f4xx_hal_msp.c:86:6:HAL_CRC_MspInit	24	static
../Core/Src/stm32f4xx_hal_msp.c:109:6:HAL_CRC_MspDeInit	16	static
../Core/Src/stm32f4xx_hal_msp.c:131:6:HAL_DMA2D_MspInit	24	static
../Core/Src/stm32f4xx_hal_msp.c:154:6:HAL_DMA2D_MspDeInit	16	static
../Core/Src/stm32f4xx_hal_msp.c:176:6:HAL_I2C_MspInit	48	static
../Core/Src/stm32f4xx_hal_msp.c:221:6:HAL_I2C_MspDeInit	16	static
../Core/Src/stm32f4xx_hal_msp.c:252:6:HAL_LTDC_MspInit	112	static
../Core/Src/stm32f4xx_hal_msp.c:375:6:HAL_LTDC_MspDeInit	16	static
../Core/Src/stm32f4xx_hal_msp.c:435:6:HAL_SPI_MspInit	48	static
../Core/Src/stm32f4xx_hal_msp.c:473:6:HAL_SPI_MspDeInit	16	static
../Core/Src/stm32f4xx_hal_msp.c:503:6:HAL_UART_MspInit	48	static
../Core/Src/stm32f4xx_hal_msp.c:540:6:HAL_UART_MspDeInit	16	static
../Core/Src/stm32f4xx_hal_msp.c:565:13:HAL_FMC_MspInit	32	static
../Core/Src/stm32f4xx_hal_msp.c:671:6:HAL_SDRAM_MspInit	16	static
../Core/Src/stm32f4xx_hal_msp.c:683:13:HAL_FMC_MspDeInit	8	static
../Core/Src/stm32f4xx_hal_msp.c:757:6:HAL_SDRAM_MspDeInit	16	static
